Component: ARM Compiler 5.06 update 5 (build 528) Tool: armlink [4d35e2]

==============================================================================

Section Cross References

    clock_config.o(i.BOARD_BootClockRUN) refers to fsl_clock.o(i.CLOCK_BootToFeiMode) for CLOCK_BootToFeiMode
    clock_config.o(i.BOARD_BootClockRUN) refers to fsl_clock.o(i.CLOCK_SetInternalRefClkConfig) for CLOCK_SetInternalRefClkConfig
    clock_config.o(i.BOARD_BootClockRUN) refers to fsl_clock.o(i.CLOCK_SetSimConfig) for CLOCK_SetSimConfig
    clock_config.o(i.BOARD_BootClockRUN) refers to clock_config.o(.constdata) for mcgConfig_BOARD_BootClockRUN
    clock_config.o(i.BOARD_BootClockRUN) refers to clock_config.o(i.CLOCK_CONFIG_FllStableDelay) for CLOCK_CONFIG_FllStableDelay
    clock_config.o(i.BOARD_BootClockRUN) refers to system_mkw41z4.o(.data) for SystemCoreClock
    clock_config.o(i.BOARD_InitBootClocks) refers to clock_config.o(i.BOARD_BootClockRUN) for BOARD_BootClockRUN
    pin_mux.o(i.BOARD_InitBootPins) refers to pin_mux.o(i.BOARD_InitPins) for BOARD_InitPins
    pin_mux.o(i.BOARD_InitPins) refers to pin_mux.o(i.CLOCK_EnableClock) for CLOCK_EnableClock
    pin_mux.o(i.BOARD_InitPins) refers to pin_mux.o(i.PORT_SetPinMux) for PORT_SetPinMux
    system_mkw41z4.o(i.SystemCoreClockUpdate) refers to uidiv.o(.text) for __aeabi_uidivmod
    system_mkw41z4.o(i.SystemCoreClockUpdate) refers to system_mkw41z4.o(i.__ARM_common_switch8) for __ARM_common_switch8
    system_mkw41z4.o(i.SystemCoreClockUpdate) refers to system_mkw41z4.o(.data) for SystemCoreClock
    fsl_clock.o(i.CLOCK_BootToBlpeMode) refers to fsl_clock.o(i.CLOCK_SetExternalRefClkConfig) for CLOCK_SetExternalRefClkConfig
    fsl_clock.o(i.CLOCK_BootToBlpiMode) refers to fsl_clock.o(i.CLOCK_SetInternalRefClkConfig) for CLOCK_SetInternalRefClkConfig
    fsl_clock.o(i.CLOCK_BootToFeeMode) refers to fsl_clock.o(i.CLOCK_SetExternalRefClkConfig) for CLOCK_SetExternalRefClkConfig
    fsl_clock.o(i.CLOCK_BootToFeeMode) refers to fsl_clock.o(i.CLOCK_SetFeeMode) for CLOCK_SetFeeMode
    fsl_clock.o(i.CLOCK_BootToFeiMode) refers to fsl_clock.o(i.CLOCK_SetFeiMode) for CLOCK_SetFeiMode
    fsl_clock.o(i.CLOCK_GetBusClkFreq) refers to fsl_clock.o(i.CLOCK_GetOutClkFreq) for CLOCK_GetOutClkFreq
    fsl_clock.o(i.CLOCK_GetBusClkFreq) refers to uidiv.o(.text) for __aeabi_uidivmod
    fsl_clock.o(i.CLOCK_GetCoreSysClkFreq) refers to fsl_clock.o(i.CLOCK_GetOutClkFreq) for CLOCK_GetOutClkFreq
    fsl_clock.o(i.CLOCK_GetCoreSysClkFreq) refers to uidiv.o(.text) for __aeabi_uidivmod
    fsl_clock.o(i.CLOCK_GetEr32kClkFreq) refers to fsl_common.o(i.__aeabi_assert) for __aeabi_assert
    fsl_clock.o(i.CLOCK_GetEr32kClkFreq) refers to fsl_clock.o(.data) for g_xtal32Freq
    fsl_clock.o(i.CLOCK_GetFixedFreqClkFreq) refers to fsl_clock.o(i.CLOCK_GetFllRefClkFreq) for CLOCK_GetFllRefClkFreq
    fsl_clock.o(i.CLOCK_GetFixedFreqClkFreq) refers to fsl_clock.o(i.CLOCK_GetOutClkFreq) for CLOCK_GetOutClkFreq
    fsl_clock.o(i.CLOCK_GetFlashClkFreq) refers to fsl_clock.o(i.CLOCK_GetOutClkFreq) for CLOCK_GetOutClkFreq
    fsl_clock.o(i.CLOCK_GetFlashClkFreq) refers to uidiv.o(.text) for __aeabi_uidivmod
    fsl_clock.o(i.CLOCK_GetFllExtRefClkFreq) refers to fsl_clock.o(i.CLOCK_GetMcgExtClkFreq) for CLOCK_GetMcgExtClkFreq
    fsl_clock.o(i.CLOCK_GetFllExtRefClkFreq) refers to system_mkw41z4.o(i.__ARM_common_switch8) for __ARM_common_switch8
    fsl_clock.o(i.CLOCK_GetFllExtRefClkFreq) refers to uidiv.o(.text) for __aeabi_uidivmod
    fsl_clock.o(i.CLOCK_GetFllFreq) refers to fsl_clock.o(i.CLOCK_GetFllRefClkFreq) for CLOCK_GetFllRefClkFreq
    fsl_clock.o(i.CLOCK_GetFllFreq) refers to fsl_clock.o(.constdata) for fllFactorTable
    fsl_clock.o(i.CLOCK_GetFllRefClkFreq) refers to fsl_clock.o(i.CLOCK_GetFllExtRefClkFreq) for CLOCK_GetFllExtRefClkFreq
    fsl_clock.o(i.CLOCK_GetFllRefClkFreq) refers to fsl_clock.o(.data) for s_slowIrcFreq
    fsl_clock.o(i.CLOCK_GetFreq) refers to system_mkw41z4.o(i.__ARM_common_switch8) for __ARM_common_switch8
    fsl_clock.o(i.CLOCK_GetFreq) refers to fsl_clock.o(i.CLOCK_GetOutClkFreq) for CLOCK_GetOutClkFreq
    fsl_clock.o(i.CLOCK_GetFreq) refers to uidiv.o(.text) for __aeabi_uidivmod
    fsl_clock.o(i.CLOCK_GetFreq) refers to fsl_clock.o(i.CLOCK_GetEr32kClkFreq) for CLOCK_GetEr32kClkFreq
    fsl_clock.o(i.CLOCK_GetFreq) refers to fsl_clock.o(i.CLOCK_GetInternalRefClkFreq) for CLOCK_GetInternalRefClkFreq
    fsl_clock.o(i.CLOCK_GetFreq) refers to fsl_clock.o(i.CLOCK_GetFllFreq) for CLOCK_GetFllFreq
    fsl_clock.o(i.CLOCK_GetFreq) refers to fsl_common.o(i.__aeabi_assert) for __aeabi_assert
    fsl_clock.o(i.CLOCK_GetFreq) refers to fsl_clock.o(.data) for g_xtal0Freq
    fsl_clock.o(i.CLOCK_GetInternalRefClkFreq) refers to fsl_clock.o(i.CLOCK_GetInternalRefClkSelectFreq) for CLOCK_GetInternalRefClkSelectFreq
    fsl_clock.o(i.CLOCK_GetInternalRefClkSelectFreq) refers to fsl_clock.o(.data) for s_slowIrcFreq
[...]
    tasks.o(i.xTaskGenericNotify) refers to port.o(i.vPortExitCritical) for vPortExitCritical
    tasks.o(i.xTaskGenericNotify) refers to tasks.o(.data) for uxTopReadyPriority
    tasks.o(i.xTaskGenericNotify) refers to tasks.o(.bss) for pxReadyTasksLists
    tasks.o(i.xTaskGenericNotifyFromISR) refers to port.o(.emb_text) for ulSetInterruptMaskFromISR
    tasks.o(i.xTaskGenericNotifyFromISR) refers to system_mkw41z4.o(i.__ARM_common_switch8) for __ARM_common_switch8
    tasks.o(i.xTaskGenericNotifyFromISR) refers to list.o(i.uxListRemove) for uxListRemove
    tasks.o(i.xTaskGenericNotifyFromISR) refers to list.o(i.vListInsertEnd) for vListInsertEnd
    tasks.o(i.xTaskGenericNotifyFromISR) refers to tasks.o(.data) for uxSchedulerSuspended
    tasks.o(i.xTaskGenericNotifyFromISR) refers to tasks.o(.bss) for pxReadyTasksLists
    tasks.o(i.xTaskGetCurrentTaskHandle) refers to tasks.o(.data) for pxCurrentTCB
    tasks.o(i.xTaskGetSchedulerState) refers to tasks.o(.data) for xSchedulerRunning
    tasks.o(i.xTaskGetTickCount) refers to tasks.o(.data) for xTickCount
    tasks.o(i.xTaskGetTickCountFromISR) refers to tasks.o(.data) for xTickCount
    tasks.o(i.xTaskIncrementTick) refers to tasks.o(i.prvResetNextTaskUnblockTime) for prvResetNextTaskUnblockTime
    tasks.o(i.xTaskIncrementTick) refers to list.o(i.uxListRemove) for uxListRemove
    tasks.o(i.xTaskIncrementTick) refers to list.o(i.vListInsertEnd) for vListInsertEnd
    tasks.o(i.xTaskIncrementTick) refers to tasks.o(.data) for uxSchedulerSuspended
    tasks.o(i.xTaskIncrementTick) refers to tasks.o(.bss) for pxReadyTasksLists
    tasks.o(i.xTaskNotifyStateClear) refers to port.o(i.vPortEnterCritical) for vPortEnterCritical
    tasks.o(i.xTaskNotifyStateClear) refers to port.o(i.vPortExitCritical) for vPortExitCritical
    tasks.o(i.xTaskNotifyStateClear) refers to tasks.o(.data) for pxCurrentTCB
    tasks.o(i.xTaskNotifyWait) refers to port.o(i.vPortEnterCritical) for vPortEnterCritical
    tasks.o(i.xTaskNotifyWait) refers to tasks.o(i.prvAddCurrentTaskToDelayedList) for prvAddCurrentTaskToDelayedList
    tasks.o(i.xTaskNotifyWait) refers to port.o(i.vPortYield) for vPortYield
    tasks.o(i.xTaskNotifyWait) refers to port.o(i.vPortExitCritical) for vPortExitCritical
    tasks.o(i.xTaskNotifyWait) refers to tasks.o(.data) for pxCurrentTCB
    tasks.o(i.xTaskPriorityDisinherit) refers to list.o(i.uxListRemove) for uxListRemove
    tasks.o(i.xTaskPriorityDisinherit) refers to list.o(i.vListInsertEnd) for vListInsertEnd
    tasks.o(i.xTaskPriorityDisinherit) refers to tasks.o(.data) for pxCurrentTCB
    tasks.o(i.xTaskPriorityDisinherit) refers to tasks.o(.bss) for pxReadyTasksLists
    tasks.o(i.xTaskRemoveFromEventList) refers to list.o(i.uxListRemove) for uxListRemove
    tasks.o(i.xTaskRemoveFromEventList) refers to list.o(i.vListInsertEnd) for vListInsertEnd
    tasks.o(i.xTaskRemoveFromEventList) refers to tasks.o(.data) for uxSchedulerSuspended
    tasks.o(i.xTaskRemoveFromEventList) refers to tasks.o(.bss) for pxReadyTasksLists
    tasks.o(i.xTaskRemoveFromUnorderedEventList) refers to list.o(i.uxListRemove) for uxListRemove
    tasks.o(i.xTaskRemoveFromUnorderedEventList) refers to list.o(i.vListInsertEnd) for vListInsertEnd
    tasks.o(i.xTaskRemoveFromUnorderedEventList) refers to tasks.o(.data) for uxSchedulerSuspended
    tasks.o(i.xTaskRemoveFromUnorderedEventList) refers to tasks.o(.bss) for pxReadyTasksLists
    tasks.o(i.xTaskResumeAll) refers to port.o(i.vPortEnterCritical) for vPortEnterCritical
    tasks.o(i.xTaskResumeAll) refers to list.o(i.uxListRemove) for uxListRemove
    tasks.o(i.xTaskResumeAll) refers to list.o(i.vListInsertEnd) for vListInsertEnd
    tasks.o(i.xTaskResumeAll) refers to tasks.o(i.prvResetNextTaskUnblockTime) for prvResetNextTaskUnblockTime
    tasks.o(i.xTaskResumeAll) refers to tasks.o(i.xTaskIncrementTick) for xTaskIncrementTick
    tasks.o(i.xTaskResumeAll) refers to port.o(i.vPortYield) for vPortYield
    tasks.o(i.xTaskResumeAll) refers to port.o(i.vPortExitCritical) for vPortExitCritical
    tasks.o(i.xTaskResumeAll) refers to tasks.o(.data) for uxSchedulerSuspended
    tasks.o(i.xTaskResumeAll) refers to tasks.o(.bss) for xPendingReadyList
    tasks.o(i.xTaskResumeFromISR) refers to port.o(.emb_text) for ulSetInterruptMaskFromISR
    tasks.o(i.xTaskResumeFromISR) refers to tasks.o(i.prvTaskIsTaskSuspended) for prvTaskIsTaskSuspended
    tasks.o(i.xTaskResumeFromISR) refers to list.o(i.uxListRemove) for uxListRemove
    tasks.o(i.xTaskResumeFromISR) refers to list.o(i.vListInsertEnd) for vListInsertEnd
    tasks.o(i.xTaskResumeFromISR) refers to tasks.o(.data) for uxSchedulerSuspended
    tasks.o(i.xTaskResumeFromISR) refers to tasks.o(.bss) for pxReadyTasksLists
    timers.o(i.prvCheckForValidListAndQueue) refers to port.o(i.vPortEnterCritical) for vPortEnterCritical
    timers.o(i.prvCheckForValidListAndQueue) refers to list.o(i.vListInitialise) for vListInitialise
    timers.o(i.prvCheckForValidListAndQueue) refers to queue.o(i.xQueueGenericCreate) for xQueueGenericCreate
    timers.o(i.prvCheckForValidListAndQueue) refers to queue.o(i.vQueueAddToRegistry) for vQueueAddToRegistry
    timers.o(i.prvCheckForValidListAndQueue) refers to port.o(i.vPortExitCritical) for vPortExitCritical
    timers.o(i.prvCheckForValidListAndQueue) refers to timers.o(.data) for xTimerQueue
    timers.o(i.prvCheckForValidListAndQueue) refers to timers.o(.bss) for xActiveTimerList1
    timers.o(i.prvGetNextExpireTime) refers to timers.o(.data) for pxCurrentTimerList
    timers.o(i.prvInitialiseNewTimer) refers to timers.o(i.prvCheckForValidListAndQueue) for prvCheckForValidListAndQueue
    timers.o(i.prvInitialiseNewTimer) refers to list.o(i.vListInitialiseItem) for vListInitialiseItem
    timers.o(i.prvInsertTimerInActiveList) refers to list.o(i.vListInsert) for vListInsert
    timers.o(i.prvInsertTimerInActiveList) refers to timers.o(.data) for pxOverflowTimerList
    timers.o(i.prvProcessExpiredTimer) refers to list.o(i.uxListRemove) for uxListRemove
    timers.o(i.prvProcessExpiredTimer) refers to timers.o(i.prvInsertTimerInActiveList) for prvInsertTimerInActiveList
    timers.o(i.prvProcessExpiredTimer) refers to timers.o(i.xTimerGenericCommand) for xTimerGenericCommand
    timers.o(i.prvProcessExpiredTimer) refers to timers.o(.data) for pxCurrentTimerList
    timers.o(i.prvProcessReceivedCommands) refers to list.o(i.uxListRemove) for uxListRemove
    timers.o(i.prvProcessReceivedCommands) refers to timers.o(i.prvSampleTimeNow) for prvSampleTimeNow
    timers.o(i.prvProcessReceivedCommands) refers to system_mkw41z4.o(i.__ARM_common_switch8) for __ARM_common_switch8
    timers.o(i.prvProcessReceivedCommands) refers to timers.o(i.prvInsertTimerInActiveList) for prvInsertTimerInActiveList
    timers.o(i.prvProcessReceivedCommands) refers to timers.o(i.xTimerGenericCommand) for xTimerGenericCommand
    timers.o(i.prvProcessReceivedCommands) refers to heap_4.o(i.vPortFree) for vPortFree
    timers.o(i.prvProcessReceivedCommands) refers to queue.o(i.xQueueGenericReceive) for xQueueGenericReceive
    timers.o(i.prvProcessReceivedCommands) refers to timers.o(.data) for xTimerQueue
    timers.o(i.prvProcessTimerOrBlockTask) refers to tasks.o(i.vTaskSuspendAll) for vTaskSuspendAll
    timers.o(i.prvProcessTimerOrBlockTask) refers to timers.o(i.prvSampleTimeNow) for prvSampleTimeNow
    timers.o(i.prvProcessTimerOrBlockTask) refers to tasks.o(i.xTaskResumeAll) for xTaskResumeAll
    timers.o(i.prvProcessTimerOrBlockTask) refers to timers.o(i.prvProcessExpiredTimer) for prvProcessExpiredTimer
    timers.o(i.prvProcessTimerOrBlockTask) refers to queue.o(i.vQueueWaitForMessageRestricted) for vQueueWaitForMessageRestricted
    timers.o(i.prvProcessTimerOrBlockTask) refers to port.o(i.vPortYield) for vPortYield
    timers.o(i.prvProcessTimerOrBlockTask) refers to timers.o(.data) for pxOverflowTimerList
    timers.o(i.prvSampleTimeNow) refers to tasks.o(i.xTaskGetTickCount) for xTaskGetTickCount
    timers.o(i.prvSampleTimeNow) refers to timers.o(i.prvSwitchTimerLists) for prvSwitchTimerLists
    timers.o(i.prvSampleTimeNow) refers to timers.o(.data) for xLastTime
    timers.o(i.prvSwitchTimerLists) refers to list.o(i.uxListRemove) for uxListRemove
    timers.o(i.prvSwitchTimerLists) refers to list.o(i.vListInsert) for vListInsert
    timers.o(i.prvSwitchTimerLists) refers to timers.o(i.xTimerGenericCommand) for xTimerGenericCommand
    timers.o(i.prvSwitchTimerLists) refers to timers.o(.data) for pxCurrentTimerList
    timers.o(i.prvTimerTask) refers to timers.o(i.prvGetNextExpireTime) for prvGetNextExpireTime
    timers.o(i.prvTimerTask) refers to timers.o(i.prvProcessTimerOrBlockTask) for prvProcessTimerOrBlockTask
    timers.o(i.prvTimerTask) refers to timers.o(i.prvProcessReceivedCommands) for prvProcessReceivedCommands
    timers.o(i.pvTimerGetTimerID) refers to port.o(i.vPortEnterCritical) for vPortEnterCritical
    timers.o(i.pvTimerGetTimerID) refers to port.o(i.vPortExitCritical) for vPortExitCritical
    timers.o(i.vTimerSetTimerID) refers to port.o(i.vPortEnterCritical) for vPortEnterCritical
    timers.o(i.vTimerSetTimerID) refers to port.o(i.vPortExitCritical) for vPortExitCritical
    timers.o(i.xTimerCreate) refers to heap_4.o(i.pvPortMalloc) for pvPortMalloc
    timers.o(i.xTimerCreate) refers to timers.o(i.prvInitialiseNewTimer) for prvInitialiseNewTimer
    timers.o(i.xTimerCreateTimerTask) refers to timers.o(i.prvCheckForValidListAndQueue) for prvCheckForValidListAndQueue
    timers.o(i.xTimerCreateTimerTask) refers to tasks.o(i.xTaskCreate) for xTaskCreate
    timers.o(i.xTimerCreateTimerTask) refers to timers.o(.data) for xTimerQueue
    timers.o(i.xTimerCreateTimerTask) refers to timers.o(i.prvTimerTask) for prvTimerTask
    timers.o(i.xTimerGenericCommand) refers to tasks.o(i.xTaskGetSchedulerState) for xTaskGetSchedulerState
    timers.o(i.xTimerGenericCommand) refers to queue.o(i.xQueueGenericSend) for xQueueGenericSend
    timers.o(i.xTimerGenericCommand) refers to queue.o(i.xQueueGenericSendFromISR) for xQueueGenericSendFromISR
    timers.o(i.xTimerGenericCommand) refers to timers.o(.data) for xTimerQueue
    timers.o(i.xTimerGetTimerDaemonTaskHandle) refers to timers.o(.data) for xTimerTaskHandle
    timers.o(i.xTimerIsTimerActive) refers to port.o(i.vPortEnterCritical) for vPortEnterCritical
    timers.o(i.xTimerIsTimerActive) refers to port.o(i.vPortExitCritical) for vPortExitCritical
    timers.o(i.xTimerPendFunctionCall) refers to queue.o(i.xQueueGenericSend) for xQueueGenericSend
    timers.o(i.xTimerPendFunctionCall) refers to timers.o(.data) for xTimerQueue
    timers.o(i.xTimerPendFunctionCallFromISR) refers to queue.o(i.xQueueGenericSendFromISR) for xQueueGenericSendFromISR
    timers.o(i.xTimerPendFunctionCallFromISR) refers to timers.o(.data) for xTimerQueue
    main.o(i.GPIO_Init) refers to fsl_gpio.o(i.GPIO_PinInit) for GPIO_PinInit
    main.o(i.GPIO_Init) refers to main.o(.data) for led_pins
    main.o(i.GPIO_Init) refers to main.o(.constdata) for led_conf
    main.o(i.Ticks) refers to fmul.o(.text) for __aeabi_fmul
    main.o(i.Ticks) refers to ffixui.o(.text) for __aeabi_f2uiz
    main.o(i.led_task1) refers to main.o(i.GPIO_WritePinOutput) for GPIO_WritePinOutput
    main.o(i.led_task1) refers to main.o(i.Ticks) for Ticks
    main.o(i.led_task1) refers to tasks.o(i.vTaskDelay) for vTaskDelay
    main.o(i.led_task1) refers to main.o(.data) for led_pins
    main.o(i.main) refers to pin_mux.o(i.BOARD_InitBootPins) for BOARD_InitBootPins
    main.o(i.main) refers to clock_config.o(i.BOARD_InitBootClocks) for BOARD_InitBootClocks
    main.o(i.main) refers to board.o(i.BOARD_InitDebugConsole) for BOARD_InitDebugConsole
    main.o(i.main) refers to main.o(i.GPIO_Init) for GPIO_Init
    main.o(i.main) refers to tasks.o(i.xTaskCreate) for xTaskCreate
    main.o(i.main) refers to tasks.o(i.vTaskStartScheduler) for vTaskStartScheduler
    main.o(i.main) refers to main.o(i.led_task1) for led_task1
    startup_mkw41z4.o(RESET) refers to startup_mkw41z4.o(.text) for Reset_Handler
    startup_mkw41z4.o(RESET) refers to port.o(i.SVC_Handler) for SVC_Handler
    startup_mkw41z4.o(RESET) refers to port.o(.emb_text) for PendSV_Handler
    startup_mkw41z4.o(RESET) refers to port.o(i.SysTick_Handler) for SysTick_Handler
    startup_mkw41z4.o(.text) refers to startup_mkw41z4.o(FlashConfig) for FlashConfig
    startup_mkw41z4.o(.text) refers to startup_mkw41z4.o(RESET) for __Vectors
    startup_mkw41z4.o(.text) refers to system_mkw41z4.o(i.SystemInit) for SystemInit
    startup_mkw41z4.o(.text) refers to entry.o(.ARM.Collect$$$$00000000) for __main
    startup_mkw41z4.o(.text) refers to fsl_lpuart.o(i.LPUART0_DriverIRQHandler) for LPUART0_DriverIRQHandler
    fsl_debug_console.o(i.DbgConsole_ConvertRadixNumToString) refers to idiv.o(.text) for __aeabi_idivmod
    fsl_debug_console.o(i.DbgConsole_ConvertRadixNumToString) refers to uidiv.o(.text) for __aeabi_uidivmod
    fsl_debug_console.o(i.DbgConsole_Deinit) refers to fsl_lpuart.o(i.LPUART_Deinit) for LPUART_Deinit
    fsl_debug_console.o(i.DbgConsole_Deinit) refers to fsl_debug_console.o(.bss) for s_debugConsole
    fsl_debug_console.o(i.DbgConsole_Getchar) refers to fsl_debug_console.o(.bss) for s_debugConsole
    fsl_debug_console.o(i.DbgConsole_Init) refers to fsl_lpuart.o(i.LPUART_GetDefaultConfig) for LPUART_GetDefaultConfig
    fsl_debug_console.o(i.DbgConsole_Init) refers to fsl_lpuart.o(i.LPUART_Init) for LPUART_Init
    fsl_debug_console.o(i.DbgConsole_Init) refers to fsl_debug_console.o(.bss) for s_debugConsole
    fsl_debug_console.o(i.DbgConsole_Init) refers to fsl_lpuart.o(i.LPUART_WriteBlocking) for LPUART_WriteBlocking
    fsl_debug_console.o(i.DbgConsole_Init) refers to fsl_lpuart.o(i.LPUART_ReadBlocking) for LPUART_ReadBlocking
    fsl_debug_console.o(i.DbgConsole_Printf) refers to fsl_debug_console.o(i.DbgConsole_PrintfFormattedData) for DbgConsole_PrintfFormattedData
    fsl_debug_console.o(i.DbgConsole_Printf) refers to fsl_debug_console.o(.bss) for s_debugConsole
    fsl_debug_console.o(i.DbgConsole_Printf) refers to fsl_debug_console.o(i.DbgConsole_Putchar) for DbgConsole_Putchar
    fsl_debug_console.o(i.DbgConsole_PrintfFormattedData) refers to fsl_debug_console.o(i.DbgConsole_ConvertRadixNumToString) for DbgConsole_ConvertRadixNumToString
    fsl_debug_console.o(i.DbgConsole_PrintfFormattedData) refers to fsl_debug_console.o(i.DbgConsole_PrintfPaddingCharacter) for DbgConsole_PrintfPaddingCharacter
    fsl_debug_console.o(i.DbgConsole_PrintfFormattedData) refers to strlen.o(.text) for strlen
    fsl_debug_console.o(i.DbgConsole_Putchar) refers to fsl_debug_console.o(.bss) for s_debugConsole
    fsl_debug_console.o(i.DbgConsole_Scanf) refers to fsl_debug_console.o(i.DbgConsole_Getchar) for DbgConsole_Getchar
    fsl_debug_console.o(i.DbgConsole_Scanf) refers to fsl_debug_console.o(i.DbgConsole_ScanfFormattedData) for DbgConsole_ScanfFormattedData
    fsl_debug_console.o(i.DbgConsole_Scanf) refers to fsl_debug_console.o(.bss) for s_debugConsole
    fsl_debug_console.o(i.DbgConsole_ScanfFormattedData) refers to fsl_debug_console.o(i.DbgConsole_ScanIgnoreWhiteSpace) for DbgConsole_ScanIgnoreWhiteSpace
    fsl_debug_console.o(i.DbgConsole_ScanfFormattedData) refers to system_mkw41z4.o(i.__ARM_common_switch8) for __ARM_common_switch8
    fsl_debug_console.o(i.fgetc) refers to fsl_debug_console.o(.bss) for s_debugConsole
    fsl_debug_console.o(i.fputc) refers to fsl_debug_console.o(.bss) for s_debugConsole
    entry.o(.ARM.Collect$$$$00000000) refers (Special) to entry10a.o(.ARM.Collect$$$$0000000D) for __rt_final_cpp
    entry.o(.ARM.Collect$$$$00000000) refers (Special) to entry11a.o(.ARM.Collect$$$$0000000F) for __rt_final_exit
    entry.o(.ARM.Collect$$$$00000000) refers (Special) to entry7b.o(.ARM.Collect$$$$00000008) for _main_clock
    entry.o(.ARM.Collect$$$$00000000) refers (Special) to entry8b.o(.ARM.Collect$$$$0000000A) for _main_cpp_init
    entry.o(.ARM.Collect$$$$00000000) refers (Special) to entry9a.o(.ARM.Collect$$$$0000000B) for _main_init
    entry.o(.ARM.Collect$$$$00000000) refers (Special) to entry5.o(.ARM.Collect$$$$00000004) for _main_scatterload
    entry.o(.ARM.Collect$$$$00000000) refers (Special) to entry4.o(.ARM.Collect$$$$00000003) for _main_stk
    idiv.o(.text) refers to uidiv.o(.text) for __aeabi_uidivmod
    fmul.o(.text) refers (Special) to iusefp.o(.text) for __I$use$fp
    ffixui.o(.text) refers (Special) to iusefp.o(.text) for __I$use$fp
    entry4.o(.ARM.Collect$$$$00000003) refers to entry4.o(.ARM.Collect$$$$00002714) for __lit__00000000
    entry4.o(__vectab_stack_and_reset_area) refers to entry.o(.ARM.Collect$$$$00000000) for __main
    entry5.o(.ARM.Collect$$$$00000004) refers to init.o(.text) for __scatterload
    entry9a.o(.ARM.Collect$$$$0000000B) refers to main.o(i.main) for main
    entry9b.o(.ARM.Collect$$$$0000000C) refers to main.o(i.main) for main
    init.o(.text) refers to entry5.o(.ARM.Collect$$$$00000004) for __main_after_scatterload


==============================================================================

Removing Unused input sections from the image.

    Removing clock_config.o(.rev16_text), (4 bytes).
    Removing clock_config.o(.revsh_text), (4 bytes).
    Removing pin_mux.o(.rev16_text), (4 bytes).
    Removing pin_mux.o(.revsh_text), (4 bytes).
    Removing system_mkw41z4.o(.rev16_text), (4 bytes).
    Removing system_mkw41z4.o(.revsh_text), (4 bytes).
    Removing system_mkw41z4.o(i.SystemCoreClockUpdate), (396 bytes).
    Removing fsl_clock.o(.rev16_text), (4 bytes).
    Removing fsl_clock.o(.revsh_text), (4 bytes).
    Removing fsl_clock.o(i.CLOCK_BootToBlpeMode), (96 bytes).
    Removing fsl_clock.o(i.CLOCK_BootToBlpiMode), (68 bytes).
    Removing fsl_clock.o(i.CLOCK_BootToFeeMode), (30 bytes).
    Removing fsl_clock.o(i.CLOCK_ClearStatusFlags), (24 bytes).
    Removing fsl_clock.o(i.CLOCK_DeinitOsc0), (20 bytes).
    Removing fsl_clock.o(i.CLOCK_ExternalModeToFbeModeQuick), (52 bytes).
    Removing fsl_clock.o(i.CLOCK_FllStableDelay), (28 bytes).
    Removing fsl_clock.o(i.CLOCK_GetBusClkFreq), (56 bytes).
    Removing fsl_clock.o(i.CLOCK_GetCoreSysClkFreq), (28 bytes).
    Removing fsl_clock.o(i.CLOCK_GetEr32kClkFreq), (120 bytes).
    Removing fsl_clock.o(i.CLOCK_GetFixedFreqClkFreq), (30 bytes).
    Removing fsl_clock.o(i.CLOCK_GetFlashClkFreq), (56 bytes).
    Removing fsl_clock.o(i.CLOCK_GetFllExtRefClkFreq), (128 bytes).
    Removing fsl_clock.o(i.CLOCK_GetFllFreq), (76 bytes).
    Removing fsl_clock.o(i.CLOCK_GetFllRefClkFreq), (36 bytes).
    Removing fsl_clock.o(i.CLOCK_GetFreq), (204 bytes).
    Removing fsl_clock.o(i.CLOCK_GetInternalRefClkFreq), (28 bytes).
    Removing fsl_clock.o(i.CLOCK_GetInternalRefClkSelectFreq), (48 bytes).
    Removing fsl_clock.o(i.CLOCK_GetMcgExtClkFreq), (144 bytes).
    Removing fsl_clock.o(i.CLOCK_GetMode), (96 bytes).
    Removing fsl_clock.o(i.CLOCK_GetOsc0ErClkFreq), (68 bytes).
    Removing fsl_clock.o(i.CLOCK_GetOscRangeFromFreq), (36 bytes).
    Removing fsl_clock.o(i.CLOCK_GetOutClkFreq), (56 bytes).
    Removing fsl_clock.o(i.CLOCK_GetPlatClkFreq), (28 bytes).
    Removing fsl_clock.o(i.CLOCK_GetStatusFlags), (24 bytes).
    Removing fsl_clock.o(i.CLOCK_InitOsc0), (64 bytes).
    Removing fsl_clock.o(i.CLOCK_InternalModeToFbiModeQuick), (52 bytes).
    Removing fsl_clock.o(i.CLOCK_SetBlpeMode), (20 bytes).
    Removing fsl_clock.o(i.CLOCK_SetBlpiMode), (20 bytes).
    Removing fsl_clock.o(i.CLOCK_SetExternalRefClkConfig), (72 bytes).
    Removing fsl_clock.o(i.CLOCK_SetFbeMode), (204 bytes).
    Removing fsl_clock.o(i.CLOCK_SetFbiMode), (152 bytes).
    Removing fsl_clock.o(i.CLOCK_SetFeeMode), (200 bytes).
    Removing fsl_clock.o(i.CLOCK_SetMcgConfig), (244 bytes).
    Removing fsl_clock.o(i.CLOCK_SetOsc0MonitorMode), (80 bytes).
    Removing fsl_clock.o(i.CLOCK_SetRtcOscMonitorMode), (40 bytes).
    Removing fsl_clock.o(i.CLOCK_TrimInternalRefClk), (248 bytes).
    Removing fsl_clock.o(.constdata), (68 bytes).
    Removing fsl_clock.o(.data), (16 bytes).
    Removing fsl_common.o(.rev16_text), (4 bytes).
    Removing fsl_common.o(.revsh_text), (4 bytes).
    Removing fsl_common.o(i.InstallIRQHandler), (116 bytes).
    Removing fsl_gpio.o(.rev16_text), (4 bytes).
    Removing fsl_gpio.o(.revsh_text), (4 bytes).
    Removing fsl_gpio.o(i.FGPIO_ClearPinsInterruptFlags), (32 bytes).
    Removing fsl_gpio.o(i.FGPIO_GetInstance), (108 bytes).
    Removing fsl_gpio.o(i.FGPIO_GetPinsInterruptFlags), (28 bytes).
    Removing fsl_gpio.o(i.FGPIO_PinInit), (108 bytes).
    Removing fsl_gpio.o(i.GPIO_ClearPinsInterruptFlags), (32 bytes).
    Removing fsl_gpio.o(i.GPIO_GetInstance), (108 bytes).
    Removing fsl_gpio.o(i.GPIO_GetPinsInterruptFlags), (28 bytes).
    Removing fsl_gpio.o(.constdata), (36 bytes).
    Removing fsl_lpuart.o(.rev16_text), (4 bytes).
    Removing fsl_lpuart.o(.revsh_text), (4 bytes).
    Removing fsl_lpuart.o(i.LPUART_ClearStatusFlags), (80 bytes).
    Removing fsl_lpuart.o(i.LPUART_Deinit), (88 bytes).
    Removing fsl_lpuart.o(i.LPUART_DisableInterrupts), (28 bytes).
    Removing fsl_lpuart.o(i.LPUART_EnableInterrupts), (28 bytes).
    Removing fsl_lpuart.o(i.LPUART_GetDefaultConfig), (76 bytes).
    Removing fsl_lpuart.o(i.LPUART_GetEnabledInterrupts), (28 bytes).
    Removing fsl_lpuart.o(i.LPUART_GetInstance), (116 bytes).
    Removing fsl_lpuart.o(i.LPUART_GetStatusFlags), (6 bytes).
    Removing fsl_lpuart.o(i.LPUART_Init), (500 bytes).
    Removing fsl_lpuart.o(i.LPUART_ReadBlocking), (208 bytes).
    Removing fsl_lpuart.o(i.LPUART_ReadNonBlocking), (72 bytes).
    Removing fsl_lpuart.o(i.LPUART_SetBaudRate), (300 bytes).
    Removing fsl_lpuart.o(i.LPUART_TransferAbortReceive), (88 bytes).
    Removing fsl_lpuart.o(i.LPUART_TransferAbortSend), (80 bytes).
    Removing fsl_lpuart.o(i.LPUART_TransferCreateHandle), (164 bytes).
    Removing fsl_lpuart.o(i.LPUART_TransferGetReceiveCount), (112 bytes).
    Removing fsl_lpuart.o(i.LPUART_TransferGetRxRingBufferLength), (84 bytes).
    Removing fsl_lpuart.o(i.LPUART_TransferGetSendCount), (112 bytes).
    Removing fsl_lpuart.o(i.LPUART_TransferHandleErrorIRQ), (2 bytes).
    Removing fsl_lpuart.o(i.LPUART_TransferHandleIRQ), (460 bytes).
    Removing fsl_lpuart.o(i.LPUART_TransferIsRxRingBufferFull), (80 bytes).
    Removing fsl_lpuart.o(i.LPUART_TransferReceiveNonBlocking), (400 bytes).
    Removing fsl_lpuart.o(i.LPUART_TransferSendNonBlocking), (204 bytes).
    Removing fsl_lpuart.o(i.LPUART_TransferStartRingBuffer), (116 bytes).
    Removing fsl_lpuart.o(i.LPUART_TransferStopRingBuffer), (88 bytes).
    Removing fsl_lpuart.o(i.LPUART_WriteBlocking), (92 bytes).
    Removing fsl_lpuart.o(i.LPUART_WriteNonBlocking), (72 bytes).
    Removing fsl_lpuart.o(.constdata), (12 bytes).
    Removing fsl_lpuart_freertos.o(.rev16_text), (4 bytes).
    Removing fsl_lpuart_freertos.o(.revsh_text), (4 bytes).
    Removing fsl_lpuart_freertos.o(i.LPUART_RTOS_Callback), (140 bytes).
    Removing fsl_lpuart_freertos.o(i.LPUART_RTOS_Deinit), (66 bytes).
    Removing fsl_lpuart_freertos.o(i.LPUART_RTOS_Init), (296 bytes).
    Removing fsl_lpuart_freertos.o(i.LPUART_RTOS_Receive), (240 bytes).
    Removing fsl_lpuart_freertos.o(i.LPUART_RTOS_Send), (128 bytes).
    Removing event_groups.o(i.prvTestWaitCondition), (34 bytes).
    Removing event_groups.o(i.uxEventGroupGetNumber), (14 bytes).
    Removing event_groups.o(i.vEventGroupClearBitsCallback), (16 bytes).
    Removing event_groups.o(i.vEventGroupDelete), (68 bytes).
    Removing event_groups.o(i.vEventGroupSetBitsCallback), (16 bytes).
    Removing event_groups.o(i.xEventGroupClearBits), (62 bytes).
    Removing event_groups.o(i.xEventGroupClearBitsFromISR), (28 bytes).
    Removing event_groups.o(i.xEventGroupCreate), (28 bytes).
    Removing event_groups.o(i.xEventGroupGetBitsFromISR), (24 bytes).
    Removing event_groups.o(i.xEventGroupSetBits), (200 bytes).
    Removing event_groups.o(i.xEventGroupSetBitsFromISR), (32 bytes).
    Removing event_groups.o(i.xEventGroupSync), (234 bytes).
    Removing event_groups.o(i.xEventGroupWaitBits), (288 bytes).
    Removing fsl_tickless_systick.o(i.prvSetupTimerInterrupt), (40 bytes).
    Removing heap_4.o(i.vPortInitialiseBlocks), (2 bytes).
    Removing heap_4.o(i.xPortGetFreeHeapSize), (12 bytes).
    Removing heap_4.o(i.xPortGetMinimumEverFreeHeapSize), (12 bytes).
    Removing port.o(i.vPortEndScheduler), (36 bytes).
    Removing queue.o(i.pcQueueGetName), (44 bytes).
    Removing queue.o(i.prvInitialiseMutex), (30 bytes).
    Removing queue.o(i.ucQueueGetQueueType), (8 bytes).
    Removing queue.o(i.uxQueueGetQueueNumber), (6 bytes).
    Removing queue.o(i.uxQueueMessagesWaiting), (28 bytes).
    Removing queue.o(i.uxQueueMessagesWaitingFromISR), (16 bytes).
    Removing queue.o(i.uxQueueSpacesAvailable), (34 bytes).
    Removing queue.o(i.vQueueDelete), (30 bytes).
    Removing queue.o(i.vQueueSetQueueNumber), (4 bytes).
    Removing queue.o(i.vQueueUnregisterQueue), (52 bytes).
    Removing queue.o(i.xQueueCreateCountingSemaphore), (68 bytes).
    Removing queue.o(i.xQueueCreateMutex), (30 bytes).
    Removing queue.o(i.xQueueGiveFromISR), (170 bytes).
    Removing queue.o(i.xQueueGiveMutexRecursive), (60 bytes).
    Removing queue.o(i.xQueueIsQueueEmptyFromISR), (26 bytes).
    Removing queue.o(i.xQueueIsQueueFullFromISR), (28 bytes).
    Removing queue.o(i.xQueuePeekFromISR), (108 bytes).
    Removing queue.o(i.xQueueReceiveFromISR), (158 bytes).
    Removing queue.o(i.xQueueTakeMutexRecursive), (66 bytes).
    Removing tasks.o(i.eTaskGetState), (120 bytes).
    Removing tasks.o(i.pcTaskGetName), (36 bytes).
    Removing tasks.o(i.prvListTasksWithinSingleList), (106 bytes).
    Removing tasks.o(i.prvTaskCheckFreeStackSpace), (22 bytes).
    Removing tasks.o(i.prvTaskIsTaskSuspended), (84 bytes).
    Removing tasks.o(i.pvTaskGetThreadLocalStoragePointer), (44 bytes).
    Removing tasks.o(i.ulTaskNotifyTake), (108 bytes).
    Removing tasks.o(i.uxTaskGetNumberOfTasks), (12 bytes).
    Removing tasks.o(i.uxTaskGetSystemState), (164 bytes).
    Removing tasks.o(i.uxTaskGetTaskNumber), (16 bytes).
    Removing tasks.o(i.uxTaskPriorityGet), (36 bytes).
    Removing tasks.o(i.uxTaskPriorityGetFromISR), (40 bytes).
    Removing tasks.o(i.uxTaskResetEventItemValue), (28 bytes).
    Removing tasks.o(i.vTaskDelayUntil), (156 bytes).
    Removing tasks.o(i.vTaskDelete), (180 bytes).
    Removing tasks.o(i.vTaskEndScheduler), (20 bytes).
    Removing tasks.o(i.vTaskGetInfo), (120 bytes).
    Removing tasks.o(i.vTaskNotifyGiveFromISR), (184 bytes).
    Removing tasks.o(i.vTaskPlaceOnUnorderedEventList), (84 bytes).
    Removing tasks.o(i.vTaskPrioritySet), (228 bytes).
    Removing tasks.o(i.vTaskResume), (116 bytes).
    Removing tasks.o(i.vTaskSetTaskNumber), (10 bytes).
    Removing tasks.o(i.vTaskSetThreadLocalStoragePointer), (36 bytes).
    Removing tasks.o(i.vTaskSuspend), (168 bytes).
    Removing tasks.o(i.xTaskGenericNotify), (212 bytes).
    Removing tasks.o(i.xTaskGenericNotifyFromISR), (264 bytes).
    Removing tasks.o(i.xTaskGetCurrentTaskHandle), (12 bytes).
    Removing tasks.o(i.xTaskGetTickCountFromISR), (12 bytes).
    Removing tasks.o(i.xTaskNotifyStateClear), (56 bytes).
    Removing tasks.o(i.xTaskNotifyWait), (144 bytes).
    Removing tasks.o(i.xTaskRemoveFromUnorderedEventList), (144 bytes).
    Removing tasks.o(i.xTaskResumeFromISR), (136 bytes).
    Removing timers.o(i.pcTimerGetName), (18 bytes).
    Removing timers.o(i.prvInitialiseNewTimer), (64 bytes).
    Removing timers.o(i.pvTimerGetTimerID), (30 bytes).
    Removing timers.o(i.vTimerSetTimerID), (30 bytes).
    Removing timers.o(i.xTimerCreate), (44 bytes).
    Removing timers.o(i.xTimerGetExpiryTime), (18 bytes).
    Removing timers.o(i.xTimerGetPeriod), (18 bytes).
    Removing timers.o(i.xTimerGetTimerDaemonTaskHandle), (36 bytes).
    Removing timers.o(i.xTimerIsTimerActive), (46 bytes).
    Removing timers.o(i.xTimerPendFunctionCall), (64 bytes).
    Removing timers.o(i.xTimerPendFunctionCallFromISR), (52 bytes).
    Removing main.o(.rev16_text), (4 bytes).
    Removing main.o(.revsh_text), (4 bytes).
    Removing fsl_debug_console.o(.rev16_text), (4 bytes).
    Removing fsl_debug_console.o(.revsh_text), (4 bytes).
    Removing fsl_debug_console.o(i.DbgConsole_Deinit), (68 bytes).
    Removing fsl_debug_console.o(i.DbgConsole_Getchar), (48 bytes).
    Removing fsl_debug_console.o(i.DbgConsole_Init), (152 bytes).
    Removing fsl_debug_console.o(i.DbgConsole_ScanIgnoreWhiteSpace), (50 bytes).
    Removing fsl_debug_console.o(i.DbgConsole_Scanf), (128 bytes).
    Removing fsl_debug_console.o(i.DbgConsole_ScanfFormattedData), (1052 bytes).
    Removing fsl_debug_console.o(i.fgetc), (40 bytes).
    Removing fsl_debug_console.o(i.fputc), (36 bytes).
    Removing fsl_debug_console.o(.data), (8 bytes).

191 unused section(s) (total 15910 bytes) removed from the image.

==============================================================================

Image Symbol Table

    Local Symbols

    Symbol Name                              Value     Ov Type        Size  Object(Section)

    RESET                                    0x00000000   Section      192  startup_mkw41z4.o(RESET)
    ../clib/microlib/division.c              0x00000000   Number         0  uidiv.o ABSOLUTE
    ../clib/microlib/division.c              0x00000000   Number         0  idiv.o ABSOLUTE
    ../clib/microlib/init/entry.s            0x00000000   Number         0  entry10b.o ABSOLUTE
    ../clib/microlib/init/entry.s            0x00000000   Number         0  entry5.o ABSOLUTE
    ../clib/microlib/init/entry.s            0x00000000   Number         0  entry7a.o ABSOLUTE
    ../clib/microlib/init/entry.s            0x00000000   Number         0  entry7b.o ABSOLUTE
    ../clib/microlib/init/entry.s            0x00000000   Number         0  entry4.o ABSOLUTE
    ../clib/microlib/init/entry.s            0x00000000   Number         0  entry.o ABSOLUTE
    ../clib/microlib/init/entry.s            0x00000000   Number         0  entry8a.o ABSOLUTE
    ../clib/microlib/init/entry.s            0x00000000   Number         0  entry8b.o ABSOLUTE
    ../clib/microlib/init/entry.s            0x00000000   Number         0  entry11a.o ABSOLUTE
    ../clib/microlib/init/entry.s            0x00000000   Number         0  entry9a.o ABSOLUTE
    ../clib/microlib/init/entry.s            0x00000000   Number         0  entry11b.o ABSOLUTE
    ../clib/microlib/init/entry.s            0x00000000   Number         0  entry9b.o ABSOLUTE
    ../clib/microlib/init/entry.s            0x00000000   Number         0  entry10a.o ABSOLUTE
    ../clib/microlib/string/memcpy.c         0x00000000   Number         0  memcpyb.o ABSOLUTE
    ../clib/microlib/string/memcpy.c         0x00000000   Number         0  memcpya.o ABSOLUTE
    ../clib/microlib/string/memset.c         0x00000000   Number         0  memseta.o ABSOLUTE
    ../clib/microlib/string/strlen.c         0x00000000   Number         0  strlen.o ABSOLUTE
    ../clib/microlib/stubs.s                 0x00000000   Number         0  iusefp.o ABSOLUTE
    ../fplib/microlib/fpfix.c                0x00000000   Number         0  ffixui.o ABSOLUTE
    ../fplib/microlib/fpmul.c                0x00000000   Number         0  fmul.o ABSOLUTE
    CMSIS/system_MKW41Z4.c                   0x00000000   Number         0  system_mkw41z4.o ABSOLUTE
    CMSIS\system_MKW41Z4.c                   0x00000000   Number         0  system_mkw41z4.o ABSOLUTE
    board/board.c                            0x00000000   Number         0  board.o ABSOLUTE
    board/clock_config.c                     0x00000000   Number         0  clock_config.o ABSOLUTE
    board/pin_mux.c                          0x00000000   Number         0  pin_mux.o ABSOLUTE
    board\clock_config.c                     0x00000000   Number         0  clock_config.o ABSOLUTE
    board\pin_mux.c                          0x00000000   Number         0  pin_mux.o ABSOLUTE
    dc.s                                     0x00000000   Number         0  dc.o ABSOLUTE
    drivers/fsl_clock.c                      0x00000000   Number         0  fsl_clock.o ABSOLUTE
    drivers/fsl_common.c                     0x00000000   Number         0  fsl_common.o ABSOLUTE
    drivers/fsl_gpio.c                       0x00000000   Number         0  fsl_gpio.o ABSOLUTE
    drivers/fsl_lpuart.c                     0x00000000   Number         0  fsl_lpuart.o ABSOLUTE
    drivers/fsl_lpuart_freertos.c            0x00000000   Number         0  fsl_lpuart_freertos.o ABSOLUTE
    drivers\fsl_clock.c                      0x00000000   Number         0  fsl_clock.o ABSOLUTE
    drivers\fsl_common.c                     0x00000000   Number         0  fsl_common.o ABSOLUTE
    drivers\fsl_gpio.c                       0x00000000   Number         0  fsl_gpio.o ABSOLUTE
    drivers\fsl_lpuart.c                     0x00000000   Number         0  fsl_lpuart.o ABSOLUTE
    drivers\fsl_lpuart_freertos.c            0x00000000   Number         0  fsl_lpuart_freertos.o ABSOLUTE
    freertos/croutine.c                      0x00000000   Number         0  croutine.o ABSOLUTE
    freertos/event_groups.c                  0x00000000   Number         0  event_groups.o ABSOLUTE
    freertos/fsl_tickless_lptmr.c            0x00000000   Number         0  fsl_tickless_lptmr.o ABSOLUTE
    freertos/fsl_tickless_systick.c          0x00000000   Number         0  fsl_tickless_systick.o ABSOLUTE
    freertos/heap_4.c                        0x00000000   Number         0  heap_4.o ABSOLUTE
    freertos/list.c                          0x00000000   Number         0  list.o ABSOLUTE
    freertos/port.c                          0x00000000   Number         0  port.o ABSOLUTE
    freertos/queue.c                         0x00000000   Number         0  queue.o ABSOLUTE
    freertos/tasks.c                         0x00000000   Number         0  tasks.o ABSOLUTE
    freertos/timers.c                        0x00000000   Number         0  timers.o ABSOLUTE
    freertos\port.c                          0x00000000   Number         0  port.o ABSOLUTE
    handlers.s                               0x00000000   Number         0  handlers.o ABSOLUTE
    init.s                                   0x00000000   Number         0  init.o ABSOLUTE
    source/main.c                            0x00000000   Number         0  main.o ABSOLUTE
    source\main.c                            0x00000000   Number         0  main.o ABSOLUTE
    startup/startup_MKW41Z4.s                0x00000000   Number         0  startup_mkw41z4.o ABSOLUTE
    utilities/fsl_debug_console.c            0x00000000   Number         0  fsl_debug_console.o ABSOLUTE
    utilities\fsl_debug_console.c            0x00000000   Number         0  fsl_debug_console.o ABSOLUTE
    FlashConfig                              0x00000400   Section       16  startup_mkw41z4.o(FlashConfig)
    .ARM.Collect$$$$00000000                 0x00000410   Section        0  entry.o(.ARM.Collect$$$$00000000)
    .ARM.Collect$$$$00000003                 0x00000410   Section        4  entry4.o(.ARM.Collect$$$$00000003)
    .ARM.Collect$$$$00000004                 0x00000414   Section        4  entry5.o(.ARM.Collect$$$$00000004)
    .ARM.Collect$$$$00000008                 0x00000418   Section        0  entry7b.o(.ARM.Collect$$$$00000008)
    .ARM.Collect$$$$0000000A                 0x00000418   Section        0  entry8b.o(.ARM.Collect$$$$0000000A)
    .ARM.Collect$$$$0000000B                 0x00000418   Section        8  entry9a.o(.ARM.Collect$$$$0000000B)
    .ARM.Collect$$$$0000000D                 0x00000420   Section        0  entry10a.o(.ARM.Collect$$$$0000000D)
    .ARM.Collect$$$$0000000F                 0x00000420   Section        0  entry11a.o(.ARM.Collect$$$$0000000F)
    .ARM.Collect$$$$00002714                 0x00000420   Section        4  entry4.o(.ARM.Collect$$$$00002714)
    __lit__00000000                          0x00000420   Data           4  entry4.o(.ARM.Collect$$$$00002714)
    .emb_text                                0x00000424   Section      120  port.o(.emb_text)
    .text                                    0x0000049c   Section      132  startup_mkw41z4.o(.text)
    .text                                    0x00000520   Section        0  uidiv.o(.text)
    .text                                    0x0000054c   Section        0  idiv.o(.text)
    .text                                    0x00000574   Section        0  memcpya.o(.text)
    .text                                    0x00000598   Section        0  memseta.o(.text)
    .text                                    0x000005bc   Section        0  strlen.o(.text)
    .text                                    0x000005ca   Section        0  fmul.o(.text)
    .text                                    0x00000644   Section        0  ffixui.o(.text)
    .text                                    0x0000066c   Section       36  init.o(.text)
    .text                                    0x0000066c   Section        0  iusefp.o(.text)
    i.BOARD_BootClockRUN                     0x00000690   Section        0  clock_config.o(i.BOARD_BootClockRUN)
    i.BOARD_InitBootClocks                   0x000006ec   Section        0  clock_config.o(i.BOARD_InitBootClocks)
    i.BOARD_InitBootPins                     0x000006f4   Section        0  pin_mux.o(i.BOARD_InitBootPins)
    i.BOARD_InitDebugConsole                 0x000006fc   Section        0  board.o(i.BOARD_InitDebugConsole)
    i.BOARD_InitPins                         0x00000700   Section        0  pin_mux.o(i.BOARD_InitPins)
    i.CLOCK_BootToFeiMode                    0x00000778   Section        0  fsl_clock.o(i.CLOCK_BootToFeiMode)
    i.CLOCK_CONFIG_FllStableDelay            0x0000078c   Section        0  clock_config.o(i.CLOCK_CONFIG_FllStableDelay)
    CLOCK_CONFIG_FllStableDelay              0x0000078d   Thumb Code    16  clock_config.o(i.CLOCK_CONFIG_FllStableDelay)
    i.CLOCK_EnableClock                      0x000007a0   Section        0  pin_mux.o(i.CLOCK_EnableClock)
    CLOCK_EnableClock                        0x000007a1   Thumb Code    18  pin_mux.o(i.CLOCK_EnableClock)
    i.CLOCK_SetFeiMode                       0x000007b8   Section        0  fsl_clock.o(i.CLOCK_SetFeiMode)
    i.CLOCK_SetInternalRefClkConfig          0x00000844   Section        0  fsl_clock.o(i.CLOCK_SetInternalRefClkConfig)
    i.CLOCK_SetSimConfig                     0x000008f0   Section        0  fsl_clock.o(i.CLOCK_SetSimConfig)
    i.DbgConsole_ConvertRadixNumToString     0x00000920   Section        0  fsl_debug_console.o(i.DbgConsole_ConvertRadixNumToString)
    DbgConsole_ConvertRadixNumToString       0x00000921   Thumb Code   196  fsl_debug_console.o(i.DbgConsole_ConvertRadixNumToString)
    i.DbgConsole_Printf                      0x000009e4   Section        0  fsl_debug_console.o(i.DbgConsole_Printf)
    i.DbgConsole_PrintfFormattedData         0x00000a1c   Section        0  fsl_debug_console.o(i.DbgConsole_PrintfFormattedData)
    DbgConsole_PrintfFormattedData           0x00000a1d   Thumb Code   570  fsl_debug_console.o(i.DbgConsole_PrintfFormattedData)
    i.DbgConsole_PrintfPaddingCharacter      0x00000c56   Section        0  fsl_debug_console.o(i.DbgConsole_PrintfPaddingCharacter)
    DbgConsole_PrintfPaddingCharacter        0x00000c57   Thumb Code    36  fsl_debug_console.o(i.DbgConsole_PrintfPaddingCharacter)
    i.DbgConsole_Putchar                     0x00000c7c   Section        0  fsl_debug_console.o(i.DbgConsole_Putchar)
    i.GPIO_Init                              0x00000ca0   Section        0  main.o(i.GPIO_Init)
    i.GPIO_PinInit                           0x00000cd0   Section        0  fsl_gpio.o(i.GPIO_PinInit)
    i.GPIO_WritePinOutput                    0x00000d3c   Section        0  main.o(i.GPIO_WritePinOutput)
    GPIO_WritePinOutput                      0x00000d3d   Thumb Code    20  main.o(i.GPIO_WritePinOutput)
    i.LPUART0_DriverIRQHandler               0x00000d50   Section        0  fsl_lpuart.o(i.LPUART0_DriverIRQHandler)
    i.PORT_SetPinMux                         0x00000d6c   Section        0  pin_mux.o(i.PORT_SetPinMux)
    PORT_SetPinMux                           0x00000d6d   Thumb Code    28  pin_mux.o(i.PORT_SetPinMux)
    i.SVC_Handler                            0x00000d88   Section        0  port.o(i.SVC_Handler)
    i.SysTick_Handler                        0x00000d8c   Section        0  port.o(i.SysTick_Handler)
    i.SystemInit                             0x00000db0   Section        0  system_mkw41z4.o(i.SystemInit)
    i.Ticks                                  0x00000dbc   Section        0  main.o(i.Ticks)
    i.__ARM_common_switch8                   0x00000dd4   Section        0  system_mkw41z4.o(i.__ARM_common_switch8)
    i.__aeabi_assert                         0x00000df0   Section        0  fsl_common.o(i.__aeabi_assert)
    i.__scatterload_copy                     0x00000e34   Section       14  handlers.o(i.__scatterload_copy)
    i.__scatterload_null                     0x00000e42   Section        2  handlers.o(i.__scatterload_null)
    i.__scatterload_zeroinit                 0x00000e44   Section       14  handlers.o(i.__scatterload_zeroinit)
    i.led_task1                              0x00000e54   Section        0  main.o(i.led_task1)
    led_task1                                0x00000e55   Thumb Code   124  main.o(i.led_task1)
    i.main                                   0x00000ee0   Section        0  main.o(i.main)
    i.prvAddCurrentTaskToDelayedList         0x00000f20   Section        0  tasks.o(i.prvAddCurrentTaskToDelayedList)
    prvAddCurrentTaskToDelayedList           0x00000f21   Thumb Code   100  tasks.o(i.prvAddCurrentTaskToDelayedList)
    i.prvAddNewTaskToReadyList               0x00000f9c   Section        0  tasks.o(i.prvAddNewTaskToReadyList)
    prvAddNewTaskToReadyList                 0x00000f9d   Thumb Code   146  tasks.o(i.prvAddNewTaskToReadyList)
    i.prvCheckForValidListAndQueue           0x00001048   Section        0  timers.o(i.prvCheckForValidListAndQueue)
    prvCheckForValidListAndQueue             0x00001049   Thumb Code    76  timers.o(i.prvCheckForValidListAndQueue)
    i.prvCheckTasksWaitingTermination        0x000010b0   Section        0  tasks.o(i.prvCheckTasksWaitingTermination)
    prvCheckTasksWaitingTermination          0x000010b1   Thumb Code    90  tasks.o(i.prvCheckTasksWaitingTermination)
    i.prvCopyDataFromQueue                   0x00001118   Section        0  queue.o(i.prvCopyDataFromQueue)
    prvCopyDataFromQueue                     0x00001119   Thumb Code    44  queue.o(i.prvCopyDataFromQueue)
    i.prvCopyDataToQueue                     0x00001144   Section        0  queue.o(i.prvCopyDataToQueue)
    prvCopyDataToQueue                       0x00001145   Thumb Code   128  queue.o(i.prvCopyDataToQueue)
    i.prvDeleteTCB                           0x000011c4   Section        0  tasks.o(i.prvDeleteTCB)
    prvDeleteTCB                             0x000011c5   Thumb Code    18  tasks.o(i.prvDeleteTCB)
    i.prvGetNextExpireTime                   0x000011d8   Section        0  timers.o(i.prvGetNextExpireTime)
    prvGetNextExpireTime                     0x000011d9   Thumb Code    40  timers.o(i.prvGetNextExpireTime)
    i.prvHeapInit                            0x00001204   Section        0  heap_4.o(i.prvHeapInit)
    prvHeapInit                              0x00001205   Thumb Code   100  heap_4.o(i.prvHeapInit)
    i.prvIdleTask                            0x00001280   Section        0  tasks.o(i.prvIdleTask)
    prvIdleTask                              0x00001281   Thumb Code    20  tasks.o(i.prvIdleTask)
    i.prvInitialiseNewQueue                  0x00001298   Section        0  queue.o(i.prvInitialiseNewQueue)
    prvInitialiseNewQueue                    0x00001299   Thumb Code    44  queue.o(i.prvInitialiseNewQueue)
    i.prvInitialiseNewTask                   0x000012c4   Section        0  tasks.o(i.prvInitialiseNewTask)
    prvInitialiseNewTask                     0x000012c5   Thumb Code   196  tasks.o(i.prvInitialiseNewTask)
    i.prvInitialiseTaskLists                 0x00001388   Section        0  tasks.o(i.prvInitialiseTaskLists)
    prvInitialiseTaskLists                   0x00001389   Thumb Code    68  tasks.o(i.prvInitialiseTaskLists)
    i.prvInsertBlockIntoFreeList             0x000013ec   Section        0  heap_4.o(i.prvInsertBlockIntoFreeList)
    prvInsertBlockIntoFreeList               0x000013ed   Thumb Code    96  heap_4.o(i.prvInsertBlockIntoFreeList)
    i.prvInsertTimerInActiveList             0x00001454   Section        0  timers.o(i.prvInsertTimerInActiveList)
    prvInsertTimerInActiveList               0x00001455   Thumb Code    76  timers.o(i.prvInsertTimerInActiveList)
    i.prvIsQueueEmpty                        0x000014a8   Section        0  queue.o(i.prvIsQueueEmpty)
    prvIsQueueEmpty                          0x000014a9   Thumb Code    28  queue.o(i.prvIsQueueEmpty)
    i.prvIsQueueFull                         0x000014c4   Section        0  queue.o(i.prvIsQueueFull)
    prvIsQueueFull                           0x000014c5   Thumb Code    30  queue.o(i.prvIsQueueFull)
    i.prvProcessExpiredTimer                 0x000014e4   Section        0  timers.o(i.prvProcessExpiredTimer)
    prvProcessExpiredTimer                   0x000014e5   Thumb Code    82  timers.o(i.prvProcessExpiredTimer)
    i.prvProcessReceivedCommands             0x0000153c   Section        0  timers.o(i.prvProcessReceivedCommands)
    prvProcessReceivedCommands               0x0000153d   Thumb Code   250  timers.o(i.prvProcessReceivedCommands)
    i.prvProcessTimerOrBlockTask             0x0000163c   Section        0  timers.o(i.prvProcessTimerOrBlockTask)
    prvProcessTimerOrBlockTask               0x0000163d   Thumb Code   100  timers.o(i.prvProcessTimerOrBlockTask)
    i.prvResetNextTaskUnblockTime            0x000016a8   Section        0  tasks.o(i.prvResetNextTaskUnblockTime)
    prvResetNextTaskUnblockTime              0x000016a9   Thumb Code    46  tasks.o(i.prvResetNextTaskUnblockTime)
    i.prvSampleTimeNow                       0x000016e0   Section        0  timers.o(i.prvSampleTimeNow)
    prvSampleTimeNow                         0x000016e1   Thumb Code    40  timers.o(i.prvSampleTimeNow)
    i.prvSetupTimerInterrupt                 0x0000170c   Section        0  fsl_tickless_lptmr.o(i.prvSetupTimerInterrupt)
    i.prvSwitchTimerLists                    0x00001734   Section        0  timers.o(i.prvSwitchTimerLists)
    prvSwitchTimerLists                      0x00001735   Thumb Code   134  timers.o(i.prvSwitchTimerLists)
    i.prvTaskExitError                       0x000017c4   Section        0  port.o(i.prvTaskExitError)
    prvTaskExitError                         0x000017c5   Thumb Code    32  port.o(i.prvTaskExitError)
    i.prvTimerTask                           0x000017e8   Section        0  timers.o(i.prvTimerTask)
    prvTimerTask                             0x000017e9   Thumb Code    26  timers.o(i.prvTimerTask)
    i.prvUnlockQueue                         0x00001802   Section        0  queue.o(i.prvUnlockQueue)
    prvUnlockQueue                           0x00001803   Thumb Code   142  queue.o(i.prvUnlockQueue)
    i.pvPortMalloc                           0x00001890   Section        0  heap_4.o(i.pvPortMalloc)
    i.pvTaskIncrementMutexHeldCount          0x000019ac   Section        0  tasks.o(i.pvTaskIncrementMutexHeldCount)
    i.pxPortInitialiseStack                  0x000019cc   Section        0  port.o(i.pxPortInitialiseStack)
    i.uxListRemove                           0x000019ec   Section        0  list.o(i.uxListRemove)
    i.vListInitialise                        0x00001a14   Section        0  list.o(i.vListInitialise)
    i.vListInitialiseItem                    0x00001a2e   Section        0  list.o(i.vListInitialiseItem)
    i.vListInsert                            0x00001a34   Section        0  list.o(i.vListInsert)
    i.vListInsertEnd                         0x00001a6a   Section        0  list.o(i.vListInsertEnd)
    i.vPortEnterCritical                     0x00001a84   Section        0  port.o(i.vPortEnterCritical)
    i.vPortExitCritical                      0x00001aa0   Section        0  port.o(i.vPortExitCritical)
    i.vPortFree                              0x00001ac8   Section        0  heap_4.o(i.vPortFree)
    i.vPortYield                             0x00001b48   Section        0  port.o(i.vPortYield)
    i.vQueueAddToRegistry                    0x00001b60   Section        0  queue.o(i.vQueueAddToRegistry)
    i.vQueueWaitForMessageRestricted         0x00001b8c   Section        0  queue.o(i.vQueueWaitForMessageRestricted)
    i.vTaskDelay                             0x00001bd8   Section        0  tasks.o(i.vTaskDelay)
    i.vTaskMissedYield                       0x00001c1c   Section        0  tasks.o(i.vTaskMissedYield)
    i.vTaskPlaceOnEventList                  0x00001c28   Section        0  tasks.o(i.vTaskPlaceOnEventList)
    i.vTaskPlaceOnEventListRestricted        0x00001c54   Section        0  tasks.o(i.vTaskPlaceOnEventListRestricted)
    i.vTaskPriorityInherit                   0x00001c88   Section        0  tasks.o(i.vTaskPriorityInherit)
    i.vTaskSetTimeOutState                   0x00001d14   Section        0  tasks.o(i.vTaskSetTimeOutState)
    i.vTaskStartScheduler                    0x00001d34   Section        0  tasks.o(i.vTaskStartScheduler)
    i.vTaskSuspendAll                        0x00001dac   Section        0  tasks.o(i.vTaskSuspendAll)
    i.vTaskSwitchContext                     0x00001dbc   Section        0  tasks.o(i.vTaskSwitchContext)
    i.xPortStartScheduler                    0x00001e3c   Section        0  port.o(i.xPortStartScheduler)
    i.xQueueGenericCreate                    0x00001e74   Section        0  queue.o(i.xQueueGenericCreate)
    i.xQueueGenericReceive                   0x00001ec4   Section        0  queue.o(i.xQueueGenericReceive)
    i.xQueueGenericReset                     0x00002050   Section        0  queue.o(i.xQueueGenericReset)
    i.xQueueGenericSend                      0x000020d2   Section        0  queue.o(i.xQueueGenericSend)
    i.xQueueGenericSendFromISR               0x0000222c   Section        0  queue.o(i.xQueueGenericSendFromISR)
    i.xTaskCheckForTimeOut                   0x000022e8   Section        0  tasks.o(i.xTaskCheckForTimeOut)
    i.xTaskCreate                            0x0000235c   Section        0  tasks.o(i.xTaskCreate)
    i.xTaskGetSchedulerState                 0x000023b8   Section        0  tasks.o(i.xTaskGetSchedulerState)
    i.xTaskGetTickCount                      0x000023dc   Section        0  tasks.o(i.xTaskGetTickCount)
    i.xTaskIncrementTick                     0x000023e8   Section        0  tasks.o(i.xTaskIncrementTick)
    i.xTaskPriorityDisinherit                0x0000250c   Section        0  tasks.o(i.xTaskPriorityDisinherit)
    i.xTaskRemoveFromEventList               0x00002594   Section        0  tasks.o(i.xTaskRemoveFromEventList)
    i.xTaskResumeAll                         0x0000261c   Section        0  tasks.o(i.xTaskResumeAll)
    i.xTimerCreateTimerTask                  0x0000270c   Section        0  timers.o(i.xTimerCreateTimerTask)
    i.xTimerGenericCommand                   0x00002754   Section        0  timers.o(i.xTimerGenericCommand)
    .constdata                               0x000027c8   Section       16  clock_config.o(.constdata)
    .constdata                               0x000027d8   Section        2  main.o(.constdata)
    led_conf                                 0x000027d8   Data           2  main.o(.constdata)
    .data                                    0x1fff8000   Section        4  system_mkw41z4.o(.data)
    .data                                    0x1fff8004   Section        8  fsl_lpuart.o(.data)
    s_lpuartHandle                           0x1fff8004   Data           4  fsl_lpuart.o(.data)
    s_lpuartIsr                              0x1fff8008   Data           4  fsl_lpuart.o(.data)
    .data                                    0x1fff800c   Section       24  heap_4.o(.data)
    xStart                                   0x1fff800c   Data           8  heap_4.o(.data)
    pxEnd                                    0x1fff8014   Data           4  heap_4.o(.data)
    xFreeBytesRemaining                      0x1fff8018   Data           4  heap_4.o(.data)
    xMinimumEverFreeBytesRemaining           0x1fff801c   Data           4  heap_4.o(.data)
    xBlockAllocatedBit                       0x1fff8020   Data           4  heap_4.o(.data)
    .data                                    0x1fff8024   Section        4  port.o(.data)
    uxCriticalNesting                        0x1fff8024   Data           4  port.o(.data)
    .data                                    0x1fff8028   Section       60  tasks.o(.data)
    pxDelayedTaskList                        0x1fff802c   Data           4  tasks.o(.data)
    pxOverflowDelayedTaskList                0x1fff8030   Data           4  tasks.o(.data)
    uxDeletedTasksWaitingCleanUp             0x1fff8034   Data           4  tasks.o(.data)
    uxCurrentNumberOfTasks                   0x1fff8038   Data           4  tasks.o(.data)
    xTickCount                               0x1fff803c   Data           4  tasks.o(.data)
    uxTopReadyPriority                       0x1fff8040   Data           4  tasks.o(.data)
    xSchedulerRunning                        0x1fff8044   Data           4  tasks.o(.data)
    uxPendedTicks                            0x1fff8048   Data           4  tasks.o(.data)
    xYieldPending                            0x1fff804c   Data           4  tasks.o(.data)
    xNumOfOverflows                          0x1fff8050   Data           4  tasks.o(.data)
    uxTaskNumber                             0x1fff8054   Data           4  tasks.o(.data)
    xNextTaskUnblockTime                     0x1fff8058   Data           4  tasks.o(.data)
    xIdleTaskHandle                          0x1fff805c   Data           4  tasks.o(.data)
    uxSchedulerSuspended                     0x1fff8060   Data           4  tasks.o(.data)
    .data                                    0x1fff8064   Section       20  timers.o(.data)
    pxCurrentTimerList                       0x1fff8064   Data           4  timers.o(.data)
    pxOverflowTimerList                      0x1fff8068   Data           4  timers.o(.data)
    xTimerQueue                              0x1fff806c   Data           4  timers.o(.data)
    xTimerTaskHandle                         0x1fff8070   Data           4  timers.o(.data)
    xLastTime                                0x1fff8074   Data           4  timers.o(.data)
    .data                                    0x1fff8078   Section       32  main.o(.data)
    .bss                                     0x1fff8098   Section    10240  heap_4.o(.bss)
    ucHeap                                   0x1fff8098   Data       10240  heap_4.o(.bss)
    .bss                                     0x1fffa898   Section       64  queue.o(.bss)
    .bss                                     0x1fffa8d8   Section      200  tasks.o(.bss)
    pxReadyTasksLists                        0x1fffa8d8   Data         100  tasks.o(.bss)
    xDelayedTaskList1                        0x1fffa93c   Data          20  tasks.o(.bss)
    xDelayedTaskList2                        0x1fffa950   Data          20  tasks.o(.bss)
    xPendingReadyList                        0x1fffa964   Data          20  tasks.o(.bss)
    xTasksWaitingTermination                 0x1fffa978   Data          20  tasks.o(.bss)
    xSuspendedTaskList                       0x1fffa98c   Data          20  tasks.o(.bss)
    .bss                                     0x1fffa9a0   Section       40  timers.o(.bss)
    xActiveTimerList1                        0x1fffa9a0   Data          20  timers.o(.bss)
    xActiveTimerList2                        0x1fffa9b4   Data          20  timers.o(.bss)
    .bss                                     0x1fffa9c8   Section       16  fsl_debug_console.o(.bss)
    s_debugConsole                           0x1fffa9c8   Data          16  fsl_debug_console.o(.bss)

    Global Symbols

    Symbol Name                              Value     Ov Type        Size  Object(Section)

    BuildAttributes$$THM_ISAv3M$S$PE$A:L22$X:L11$S22$IEEE1$IW$USESV6$~STKCKD$USESV7$~SHL$OSPACE$ROPI$EBA8$MICROLIB$REQ8$PRES8$EABIv2 0x00000000   Number         0  anon$$obj.o ABSOLUTE
    Image$$VECTOR_RAM$$Base                  0x00000000   Number         0  anon$$obj.o ABSOLUTE
    Image$$VECTOR_ROM$$Base                  0x00000000   Number         0  anon$$obj.o ABSOLUTE
    __ARM_use_no_argv                        0x00000000   Number         0  main.o ABSOLUTE
    __Vectors                                0x00000000   Data           4  startup_mkw41z4.o(RESET)
    __cpp_initialize__aeabi_                  - Undefined Weak Reference
    __cxa_finalize                            - Undefined Weak Reference
    __decompress                              - Undefined Weak Reference
    _clock_init                               - Undefined Weak Reference
    _microlib_exit                            - Undefined Weak Reference
    __Vectors_End                            0x000000c0   Data           0  startup_mkw41z4.o(RESET)
    __Vectors_Size                           0x000000c0   Number         0  startup_mkw41z4.o ABSOLUTE
    __main                                   0x00000411   Thumb Code     0  entry.o(.ARM.Collect$$$$00000000)
    _main_stk                                0x00000411   Thumb Code     0  entry4.o(.ARM.Collect$$$$00000003)
    _main_scatterload                        0x00000415   Thumb Code     0  entry5.o(.ARM.Collect$$$$00000004)
    __main_after_scatterload                 0x00000419   Thumb Code     0  entry5.o(.ARM.Collect$$$$00000004)
    _main_clock                              0x00000419   Thumb Code     0  entry7b.o(.ARM.Collect$$$$00000008)
    _main_cpp_init                           0x00000419   Thumb Code     0  entry8b.o(.ARM.Collect$$$$0000000A)
    _main_init                               0x00000419   Thumb Code     0  entry9a.o(.ARM.Collect$$$$0000000B)
    __rt_final_cpp                           0x00000421   Thumb Code     0  entry10a.o(.ARM.Collect$$$$0000000D)
    __rt_final_exit                          0x00000421   Thumb Code     0  entry11a.o(.ARM.Collect$$$$0000000F)
    __asm___6_port_c_39a90d8d__prvPortStartFirstTask 0x00000425   Thumb Code    36  port.o(.emb_text)
    ulSetInterruptMaskFromISR                0x0000044d   Thumb Code     8  port.o(.emb_text)
    vClearInterruptMaskFromISR               0x00000455   Thumb Code     6  port.o(.emb_text)
    PendSV_Handler                           0x0000045b   Thumb Code    62  port.o(.emb_text)
    Reset_Handler                            0x0000049d   Thumb Code    24  startup_mkw41z4.o(.text)
    NMI_Handler                              0x000004b5   Thumb Code     2  startup_mkw41z4.o(.text)
    HardFault_Handler                        0x000004b7   Thumb Code     2  startup_mkw41z4.o(.text)
    DMA0_IRQHandler                          0x000004bf   Thumb Code     4  startup_mkw41z4.o(.text)
    DMA1_IRQHandler                          0x000004c3   Thumb Code     4  startup_mkw41z4.o(.text)
    DMA2_IRQHandler                          0x000004c7   Thumb Code     4  startup_mkw41z4.o(.text)
    DMA3_IRQHandler                          0x000004cb   Thumb Code     4  startup_mkw41z4.o(.text)
    I2C0_IRQHandler                          0x000004cf   Thumb Code     4  startup_mkw41z4.o(.text)
    I2C1_IRQHandler                          0x000004d3   Thumb Code     4  startup_mkw41z4.o(.text)
    SPI0_IRQHandler                          0x000004d7   Thumb Code     4  startup_mkw41z4.o(.text)
    LPUART0_IRQHandler                       0x000004db   Thumb Code     4  startup_mkw41z4.o(.text)
    SPI1_IRQHandler                          0x000004df   Thumb Code     4  startup_mkw41z4.o(.text)
    ADC0_IRQHandler                          0x000004e3   Thumb Code     0  startup_mkw41z4.o(.text)
    CMP0_IRQHandler                          0x000004e3   Thumb Code     0  startup_mkw41z4.o(.text)
    CMT_IRQHandler                           0x000004e3   Thumb Code     0  startup_mkw41z4.o(.text)
    DAC0_IRQHandler                          0x000004e3   Thumb Code     0  startup_mkw41z4.o(.text)
    DMA0_DriverIRQHandler                    0x000004e3   Thumb Code     0  startup_mkw41z4.o(.text)
    DMA1_DriverIRQHandler                    0x000004e3   Thumb Code     0  startup_mkw41z4.o(.text)
    DMA2_DriverIRQHandler                    0x000004e3   Thumb Code     0  startup_mkw41z4.o(.text)
    DMA3_DriverIRQHandler                    0x000004e3   Thumb Code     0  startup_mkw41z4.o(.text)
    DefaultISR                               0x000004e3   Thumb Code     0  startup_mkw41z4.o(.text)
    FTFA_IRQHandler                          0x000004e3   Thumb Code     0  startup_mkw41z4.o(.text)
    I2C0_DriverIRQHandler                    0x000004e3   Thumb Code     0  startup_mkw41z4.o(.text)
    I2C1_DriverIRQHandler                    0x000004e3   Thumb Code     0  startup_mkw41z4.o(.text)
    LLWU_IRQHandler                          0x000004e3   Thumb Code     0  startup_mkw41z4.o(.text)
    LPTMR0_IRQHandler                        0x000004e3   Thumb Code     0  startup_mkw41z4.o(.text)
    LTC0_IRQHandler                          0x000004e3   Thumb Code     0  startup_mkw41z4.o(.text)
    LVD_LVW_DCDC_IRQHandler                  0x000004e3   Thumb Code     0  startup_mkw41z4.o(.text)
    MCG_IRQHandler                           0x000004e3   Thumb Code     0  startup_mkw41z4.o(.text)
    PIT_IRQHandler                           0x000004e3   Thumb Code     0  startup_mkw41z4.o(.text)
    PORTA_IRQHandler                         0x000004e3   Thumb Code     0  startup_mkw41z4.o(.text)
    PORTB_PORTC_IRQHandler                   0x000004e3   Thumb Code     0  startup_mkw41z4.o(.text)
    RTC_IRQHandler                           0x000004e3   Thumb Code     0  startup_mkw41z4.o(.text)
    RTC_Seconds_IRQHandler                   0x000004e3   Thumb Code     0  startup_mkw41z4.o(.text)
    Radio_0_IRQHandler                       0x000004e3   Thumb Code     0  startup_mkw41z4.o(.text)
    Radio_1_IRQHandler                       0x000004e3   Thumb Code     0  startup_mkw41z4.o(.text)
    Reserved20_IRQHandler                    0x000004e3   Thumb Code     0  startup_mkw41z4.o(.text)
    SPI0_DriverIRQHandler                    0x000004e3   Thumb Code     0  startup_mkw41z4.o(.text)
    SPI1_DriverIRQHandler                    0x000004e3   Thumb Code     0  startup_mkw41z4.o(.text)
    TPM0_IRQHandler                          0x000004e3   Thumb Code     0  startup_mkw41z4.o(.text)
    TPM1_IRQHandler                          0x000004e3   Thumb Code     0  startup_mkw41z4.o(.text)
    TPM2_IRQHandler                          0x000004e3   Thumb Code     0  startup_mkw41z4.o(.text)
    TRNG0_IRQHandler                         0x000004e3   Thumb Code     0  startup_mkw41z4.o(.text)
    TSI0_IRQHandler                          0x000004e3   Thumb Code     0  startup_mkw41z4.o(.text)
    __aeabi_uidiv                            0x00000521   Thumb Code     0  uidiv.o(.text)
    __aeabi_uidivmod                         0x00000521   Thumb Code    44  uidiv.o(.text)
    __aeabi_idiv                             0x0000054d   Thumb Code     0  idiv.o(.text)
    __aeabi_idivmod                          0x0000054d   Thumb Code    40  idiv.o(.text)
    __aeabi_memcpy                           0x00000575   Thumb Code    36  memcpya.o(.text)
    __aeabi_memcpy4                          0x00000575   Thumb Code     0  memcpya.o(.text)
    __aeabi_memcpy8                          0x00000575   Thumb Code     0  memcpya.o(.text)
    __aeabi_memset                           0x00000599   Thumb Code    14  memseta.o(.text)
    __aeabi_memset4                          0x00000599   Thumb Code     0  memseta.o(.text)
    __aeabi_memset8                          0x00000599   Thumb Code     0  memseta.o(.text)
    __aeabi_memclr                           0x000005a7   Thumb Code     4  memseta.o(.text)
    __aeabi_memclr4                          0x000005a7   Thumb Code     0  memseta.o(.text)
    __aeabi_memclr8                          0x000005a7   Thumb Code     0  memseta.o(.text)
    _memset$wrapper                          0x000005ab   Thumb Code    18  memseta.o(.text)
    strlen                                   0x000005bd   Thumb Code    14  strlen.o(.text)
    __aeabi_fmul                             0x000005cb   Thumb Code   122  fmul.o(.text)
    __aeabi_f2uiz                            0x00000645   Thumb Code    40  ffixui.o(.text)
    __I$use$fp                               0x0000066d   Thumb Code     0  iusefp.o(.text)
    __scatterload                            0x0000066d   Thumb Code    28  init.o(.text)
    __scatterload_rt2                        0x0000066d   Thumb Code     0  init.o(.text)
    BOARD_BootClockRUN                       0x00000691   Thumb Code    68  clock_config.o(i.BOARD_BootClockRUN)
    BOARD_InitBootClocks                     0x000006ed   Thumb Code     8  clock_config.o(i.BOARD_InitBootClocks)
    BOARD_InitBootPins                       0x000006f5   Thumb Code     8  pin_mux.o(i.BOARD_InitBootPins)
    BOARD_InitDebugConsole                   0x000006fd   Thumb Code     2  board.o(i.BOARD_InitDebugConsole)
    BOARD_InitPins                           0x00000701   Thumb Code    98  pin_mux.o(i.BOARD_InitPins)
    CLOCK_BootToFeiMode                      0x00000779   Thumb Code    20  fsl_clock.o(i.CLOCK_BootToFeiMode)
    CLOCK_SetFeiMode                         0x000007b9   Thumb Code   136  fsl_clock.o(i.CLOCK_SetFeiMode)
    CLOCK_SetInternalRefClkConfig            0x00000845   Thumb Code   166  fsl_clock.o(i.CLOCK_SetInternalRefClkConfig)
    CLOCK_SetSimConfig                       0x000008f1   Thumb Code    38  fsl_clock.o(i.CLOCK_SetSimConfig)
    DbgConsole_Printf                        0x000009e5   Thumb Code    46  fsl_debug_console.o(i.DbgConsole_Printf)
    DbgConsole_Putchar                       0x00000c7d   Thumb Code    30  fsl_debug_console.o(i.DbgConsole_Putchar)
    GPIO_Init                                0x00000ca1   Thumb Code    34  main.o(i.GPIO_Init)
    GPIO_PinInit                             0x00000cd1   Thumb Code    78  fsl_gpio.o(i.GPIO_PinInit)
    LPUART0_DriverIRQHandler                 0x00000d51   Thumb Code    16  fsl_lpuart.o(i.LPUART0_DriverIRQHandler)
    SVC_Handler                              0x00000d89   Thumb Code     2  port.o(i.SVC_Handler)
    SysTick_Handler                          0x00000d8d   Thumb Code    32  port.o(i.SysTick_Handler)
    SystemInit                               0x00000db1   Thumb Code     8  system_mkw41z4.o(i.SystemInit)
    Ticks                                    0x00000dbd   Thumb Code    20  main.o(i.Ticks)
    __ARM_common_switch8                     0x00000dd5   Thumb Code    28  system_mkw41z4.o(i.__ARM_common_switch8)
    __aeabi_assert                           0x00000df1   Thumb Code    24  fsl_common.o(i.__aeabi_assert)
    __scatterload_copy                       0x00000e35   Thumb Code    14  handlers.o(i.__scatterload_copy)
    __scatterload_null                       0x00000e43   Thumb Code     2  handlers.o(i.__scatterload_null)
    __scatterload_zeroinit                   0x00000e45   Thumb Code    14  handlers.o(i.__scatterload_zeroinit)
    main                                     0x00000ee1   Thumb Code    48  main.o(i.main)
    prvSetupTimerInterrupt                   0x0000170d   Thumb Code    30  fsl_tickless_lptmr.o(i.prvSetupTimerInterrupt)
    pvPortMalloc                             0x00001891   Thumb Code   264  heap_4.o(i.pvPortMalloc)
    pvTaskIncrementMutexHeldCount            0x000019ad   Thumb Code    28  tasks.o(i.pvTaskIncrementMutexHeldCount)
    pxPortInitialiseStack                    0x000019cd   Thumb Code    26  port.o(i.pxPortInitialiseStack)
    uxListRemove                             0x000019ed   Thumb Code    40  list.o(i.uxListRemove)
    vListInitialise                          0x00001a15   Thumb Code    26  list.o(i.vListInitialise)
    vListInitialiseItem                      0x00001a2f   Thumb Code     6  list.o(i.vListInitialiseItem)
    vListInsert                              0x00001a35   Thumb Code    54  list.o(i.vListInsert)
    vListInsertEnd                           0x00001a6b   Thumb Code    24  list.o(i.vListInsertEnd)
    vPortEnterCritical                       0x00001a85   Thumb Code    22  port.o(i.vPortEnterCritical)
    vPortExitCritical                        0x00001aa1   Thumb Code    36  port.o(i.vPortExitCritical)
    vPortFree                                0x00001ac9   Thumb Code   120  heap_4.o(i.vPortFree)
    vPortYield                               0x00001b49   Thumb Code    18  port.o(i.vPortYield)
    vQueueAddToRegistry                      0x00001b61   Thumb Code    40  queue.o(i.vQueueAddToRegistry)
    vQueueWaitForMessageRestricted           0x00001b8d   Thumb Code    76  queue.o(i.vQueueWaitForMessageRestricted)
    vTaskDelay                               0x00001bd9   Thumb Code    62  tasks.o(i.vTaskDelay)
    vTaskMissedYield                         0x00001c1d   Thumb Code     8  tasks.o(i.vTaskMissedYield)
    vTaskPlaceOnEventList                    0x00001c29   Thumb Code    38  tasks.o(i.vTaskPlaceOnEventList)
    vTaskPlaceOnEventListRestricted          0x00001c55   Thumb Code    48  tasks.o(i.vTaskPlaceOnEventListRestricted)
    vTaskPriorityInherit                     0x00001c89   Thumb Code   128  tasks.o(i.vTaskPriorityInherit)
    vTaskSetTimeOutState                     0x00001d15   Thumb Code    24  tasks.o(i.vTaskSetTimeOutState)
    vTaskStartScheduler                      0x00001d35   Thumb Code    90  tasks.o(i.vTaskStartScheduler)
    vTaskSuspendAll                          0x00001dad   Thumb Code    12  tasks.o(i.vTaskSuspendAll)
    vTaskSwitchContext                       0x00001dbd   Thumb Code   108  tasks.o(i.vTaskSwitchContext)
    xPortStartScheduler                      0x00001e3d   Thumb Code    48  port.o(i.xPortStartScheduler)
    xQueueGenericCreate                      0x00001e75   Thumb Code    80  queue.o(i.xQueueGenericCreate)
    xQueueGenericReceive                     0x00001ec5   Thumb Code   396  queue.o(i.xQueueGenericReceive)
    xQueueGenericReset                       0x00002051   Thumb Code   130  queue.o(i.xQueueGenericReset)
    xQueueGenericSend                        0x000020d3   Thumb Code   346  queue.o(i.xQueueGenericSend)
    xQueueGenericSendFromISR                 0x0000222d   Thumb Code   188  queue.o(i.xQueueGenericSendFromISR)
    xTaskCheckForTimeOut                     0x000022e9   Thumb Code   106  tasks.o(i.xTaskCheckForTimeOut)
    xTaskCreate                              0x0000235d   Thumb Code    92  tasks.o(i.xTaskCreate)
    xTaskGetSchedulerState                   0x000023b9   Thumb Code    28  tasks.o(i.xTaskGetSchedulerState)
    xTaskGetTickCount                        0x000023dd   Thumb Code     6  tasks.o(i.xTaskGetTickCount)
    xTaskIncrementTick                       0x000023e9   Thumb Code   246  tasks.o(i.xTaskIncrementTick)
    xTaskPriorityDisinherit                  0x0000250d   Thumb Code   124  tasks.o(i.xTaskPriorityDisinherit)
    xTaskRemoveFromEventList                 0x00002595   Thumb Code   112  tasks.o(i.xTaskRemoveFromEventList)
    xTaskResumeAll                           0x0000261d   Thumb Code   206  tasks.o(i.xTaskResumeAll)
    xTimerCreateTimerTask                    0x0000270d   Thumb Code    52  timers.o(i.xTimerCreateTimerTask)
    xTimerGenericCommand                     0x00002755   Thumb Code   110  timers.o(i.xTimerGenericCommand)
    mcgConfig_BOARD_BootClockRUN             0x000027c8   Data           8  clock_config.o(.constdata)
    simConfig_BOARD_BootClockRUN             0x000027d0   Data           8  clock_config.o(.constdata)
    Region$$Table$$Base                      0x000027dc   Number         0  anon$$obj.o(Region$$Table)
    Region$$Table$$Limit                     0x000027fc   Number         0  anon$$obj.o(Region$$Table)
    Image$$RW_m_data$$Base                   0x1fff8000   Number         0  anon$$obj.o ABSOLUTE
    SystemCoreClock                          0x1fff8000   Data           4  system_mkw41z4.o(.data)
    pxCurrentTCB                             0x1fff8028   Data           4  tasks.o(.data)
    led_gpio                                 0x1fff8078   Data          16  main.o(.data)
    led_pins                                 0x1fff8088   Data          16  main.o(.data)
    xQueueRegistry                           0x1fffa898   Data          64  queue.o(.bss)
    Image$$ARM_LIB_STACK$$ZI$$Limit          0x20018000   Number         0  anon$$obj.o ABSOLUTE



==============================================================================

Memory Map of the image

  Image Entry point : 0x00000411

  Load Region LR_m_text (Base: 0x00000000, Size: 0x00002894, Max: 0x00080000, ABSOLUTE)

    Execution Region VECTOR_ROM (Exec base: 0x00000000, Load base: 0x00000000, Size: 0x000000c0, Max: 0x00000200, ABSOLUTE)

    Exec Addr    Load Addr    Size         Type   Attr      Idx    E Section Name        Object

    0x00000000   0x00000000   0x000000c0   Data   RO         1924    RESET               startup_mkw41z4.o


    Execution Region VECTOR_RAM (Exec base: 0x00000000, Load base: 0x000027fc, Size: 0x00000000, Max: 0x00000000, ABSOLUTE)

    Exec Addr    Load Addr    Size         Type   Attr      Idx    E Section Name        Object

    0x00000000        -       0x00000000   Zero   RW            1    VECTOR_RAM.bss      anon$$obj.o


    Execution Region ER_m_flash_config (Exec base: 0x00000400, Load base: 0x00000400, Size: 0x00000010, Max: 0x00000010, ABSOLUTE, FIXED)

    Exec Addr    Load Addr    Size         Type   Attr      Idx    E Section Name        Object

    0x00000400   0x00000400   0x00000010   Data   RO         1925    FlashConfig         startup_mkw41z4.o


    Execution Region ER_m_text (Exec base: 0x00000410, Load base: 0x00000410, Size: 0x000023ec, Max: 0x0007fbf0, ABSOLUTE)

    Exec Addr    Load Addr    Size         Type   Attr      Idx    E Section Name        Object

    0x00000410   0x00000410   0x00000000   Code   RO         2038  * .ARM.Collect$$$$00000000  mc_p.l(entry.o)
    0x00000410   0x00000410   0x00000004   Code   RO         2057    .ARM.Collect$$$$00000003  mc_p.l(entry4.o)
    0x00000414   0x00000414   0x00000004   Code   RO         2060    .ARM.Collect$$$$00000004  mc_p.l(entry5.o)
    0x00000418   0x00000418   0x00000000   Code   RO         2062    .ARM.Collect$$$$00000008  mc_p.l(entry7b.o)
    0x00000418   0x00000418   0x00000000   Code   RO         2064    .ARM.Collect$$$$0000000A  mc_p.l(entry8b.o)
    0x00000418   0x00000418   0x00000008   Code   RO         2065    .ARM.Collect$$$$0000000B  mc_p.l(entry9a.o)
    0x00000420   0x00000420   0x00000000   Code   RO         2067    .ARM.Collect$$$$0000000D  mc_p.l(entry10a.o)
    0x00000420   0x00000420   0x00000000   Code   RO         2069    .ARM.Collect$$$$0000000F  mc_p.l(entry11a.o)
    0x00000420   0x00000420   0x00000004   Code   RO         2058    .ARM.Collect$$$$00002714  mc_p.l(entry4.o)
    0x00000424   0x00000424   0x00000078   Code   RO         1111    .emb_text           port.o
    0x0000049c   0x0000049c   0x00000084   Code   RO         1926    .text               startup_mkw41z4.o
    0x00000520   0x00000520   0x0000002c   Code   RO         2041    .text               mc_p.l(uidiv.o)
    0x0000054c   0x0000054c   0x00000028   Code   RO         2043    .text               mc_p.l(idiv.o)
    0x00000574   0x00000574   0x00000024   Code   RO         2045    .text               mc_p.l(memcpya.o)
    0x00000598   0x00000598   0x00000024   Code   RO         2047    .text               mc_p.l(memseta.o)
    0x000005bc   0x000005bc   0x0000000e   Code   RO         2049    .text               mc_p.l(strlen.o)
    0x000005ca   0x000005ca   0x0000007a   Code   RO         2053    .text               mf_p.l(fmul.o)
    0x00000644   0x00000644   0x00000028   Code   RO         2055    .text               mf_p.l(ffixui.o)
    0x0000066c   0x0000066c   0x00000000   Code   RO         2071    .text               mc_p.l(iusefp.o)
    0x0000066c   0x0000066c   0x00000024   Code   RO         2072    .text               mc_p.l(init.o)
    0x00000690   0x00000690   0x0000005c   Code   RO           26    i.BOARD_BootClockRUN  clock_config.o
    0x000006ec   0x000006ec   0x00000008   Code   RO           27    i.BOARD_InitBootClocks  clock_config.o
    0x000006f4   0x000006f4   0x00000008   Code   RO          106    i.BOARD_InitBootPins  pin_mux.o
    0x000006fc   0x000006fc   0x00000002   Code   RO            4    i.BOARD_InitDebugConsole  board.o
    0x000006fe   0x000006fe   0x00000002   PAD
    0x00000700   0x00000700   0x00000078   Code   RO          107    i.BOARD_InitPins    pin_mux.o
    0x00000778   0x00000778   0x00000014   Code   RO          210    i.CLOCK_BootToFeiMode  fsl_clock.o
    0x0000078c   0x0000078c   0x00000014   Code   RO           28    i.CLOCK_CONFIG_FllStableDelay  clock_config.o
    0x000007a0   0x000007a0   0x00000018   Code   RO          108    i.CLOCK_EnableClock  pin_mux.o
    0x000007b8   0x000007b8   0x0000008c   Code   RO          241    i.CLOCK_SetFeiMode  fsl_clock.o
    0x00000844   0x00000844   0x000000ac   Code   RO          242    i.CLOCK_SetInternalRefClkConfig  fsl_clock.o
    0x000008f0   0x000008f0   0x00000030   Code   RO          246    i.CLOCK_SetSimConfig  fsl_clock.o
    0x00000920   0x00000920   0x000000c4   Code   RO         1932    i.DbgConsole_ConvertRadixNumToString  fsl_debug_console.o
    0x000009e4   0x000009e4   0x00000038   Code   RO         1936    i.DbgConsole_Printf  fsl_debug_console.o
    0x00000a1c   0x00000a1c   0x0000023a   Code   RO         1937    i.DbgConsole_PrintfFormattedData  fsl_debug_console.o
    0x00000c56   0x00000c56   0x00000024   Code   RO         1938    i.DbgConsole_PrintfPaddingCharacter  fsl_debug_console.o
    0x00000c7a   0x00000c7a   0x00000002   PAD
    0x00000c7c   0x00000c7c   0x00000024   Code   RO         1939    i.DbgConsole_Putchar  fsl_debug_console.o
    0x00000ca0   0x00000ca0   0x00000030   Code   RO         1860    i.GPIO_Init         main.o
    0x00000cd0   0x00000cd0   0x0000006c   Code   RO          519    i.GPIO_PinInit      fsl_gpio.o
    0x00000d3c   0x00000d3c   0x00000014   Code   RO         1861    i.GPIO_WritePinOutput  main.o
    0x00000d50   0x00000d50   0x0000001c   Code   RO          577    i.LPUART0_DriverIRQHandler  fsl_lpuart.o
    0x00000d6c   0x00000d6c   0x0000001c   Code   RO          109    i.PORT_SetPinMux    pin_mux.o
    0x00000d88   0x00000d88   0x00000002   Code   RO         1112    i.SVC_Handler       port.o
    0x00000d8a   0x00000d8a   0x00000002   PAD
    0x00000d8c   0x00000d8c   0x00000024   Code   RO         1113    i.SysTick_Handler   port.o
    0x00000db0   0x00000db0   0x0000000c   Code   RO          153    i.SystemInit        system_mkw41z4.o
    0x00000dbc   0x00000dbc   0x00000018   Code   RO         1862    i.Ticks             main.o
    0x00000dd4   0x00000dd4   0x0000001c   Code   RO          176    i.__ARM_common_switch8  system_mkw41z4.o
    0x00000df0   0x00000df0   0x00000044   Code   RO          473    i.__aeabi_assert    fsl_common.o
    0x00000e34   0x00000e34   0x0000000e   Code   RO         2076    i.__scatterload_copy  mc_p.l(handlers.o)
    0x00000e42   0x00000e42   0x00000002   Code   RO         2077    i.__scatterload_null  mc_p.l(handlers.o)
    0x00000e44   0x00000e44   0x0000000e   Code   RO         2078    i.__scatterload_zeroinit  mc_p.l(handlers.o)
    0x00000e52   0x00000e52   0x00000002   PAD
    0x00000e54   0x00000e54   0x0000008c   Code   RO         1863    i.led_task1         main.o
    0x00000ee0   0x00000ee0   0x00000040   Code   RO         1864    i.main              main.o
    0x00000f20   0x00000f20   0x0000007c   Code   RO         1379    i.prvAddCurrentTaskToDelayedList  tasks.o
    0x00000f9c   0x00000f9c   0x000000ac   Code   RO         1380    i.prvAddNewTaskToReadyList  tasks.o
    0x00001048   0x00001048   0x00000068   Code   RO         1728    i.prvCheckForValidListAndQueue  timers.o
    0x000010b0   0x000010b0   0x00000068   Code   RO         1381    i.prvCheckTasksWaitingTermination  tasks.o
    0x00001118   0x00001118   0x0000002c   Code   RO         1178    i.prvCopyDataFromQueue  queue.o
    0x00001144   0x00001144   0x00000080   Code   RO         1179    i.prvCopyDataToQueue  queue.o
    0x000011c4   0x000011c4   0x00000012   Code   RO         1382    i.prvDeleteTCB      tasks.o
    0x000011d6   0x000011d6   0x00000002   PAD
    0x000011d8   0x000011d8   0x0000002c   Code   RO         1729    i.prvGetNextExpireTime  timers.o
    0x00001204   0x00001204   0x0000007c   Code   RO         1026    i.prvHeapInit       heap_4.o
    0x00001280   0x00001280   0x00000018   Code   RO         1383    i.prvIdleTask       tasks.o
    0x00001298   0x00001298   0x0000002c   Code   RO         1181    i.prvInitialiseNewQueue  queue.o
    0x000012c4   0x000012c4   0x000000c4   Code   RO         1384    i.prvInitialiseNewTask  tasks.o
    0x00001388   0x00001388   0x00000064   Code   RO         1385    i.prvInitialiseTaskLists  tasks.o
    0x000013ec   0x000013ec   0x00000068   Code   RO         1027    i.prvInsertBlockIntoFreeList  heap_4.o
    0x00001454   0x00001454   0x00000054   Code   RO         1731    i.prvInsertTimerInActiveList  timers.o
    0x000014a8   0x000014a8   0x0000001c   Code   RO         1182    i.prvIsQueueEmpty   queue.o
    0x000014c4   0x000014c4   0x0000001e   Code   RO         1183    i.prvIsQueueFull    queue.o
    0x000014e2   0x000014e2   0x00000002   PAD
    0x000014e4   0x000014e4   0x00000058   Code   RO         1732    i.prvProcessExpiredTimer  timers.o
    0x0000153c   0x0000153c   0x00000100   Code   RO         1733    i.prvProcessReceivedCommands  timers.o
    0x0000163c   0x0000163c   0x0000006c   Code   RO         1734    i.prvProcessTimerOrBlockTask  timers.o
    0x000016a8   0x000016a8   0x00000038   Code   RO         1387    i.prvResetNextTaskUnblockTime  tasks.o
    0x000016e0   0x000016e0   0x0000002c   Code   RO         1735    i.prvSampleTimeNow  timers.o
    0x0000170c   0x0000170c   0x00000028   Code   RO          997    i.prvSetupTimerInterrupt  fsl_tickless_lptmr.o
    0x00001734   0x00001734   0x00000090   Code   RO         1736    i.prvSwitchTimerLists  timers.o
    0x000017c4   0x000017c4   0x00000024   Code   RO         1114    i.prvTaskExitError  port.o
    0x000017e8   0x000017e8   0x0000001a   Code   RO         1737    i.prvTimerTask      timers.o
    0x00001802   0x00001802   0x0000008e   Code   RO         1184    i.prvUnlockQueue    queue.o
    0x00001890   0x00001890   0x0000011c   Code   RO         1028    i.pvPortMalloc      heap_4.o
    0x000019ac   0x000019ac   0x00000020   Code   RO         1391    i.pvTaskIncrementMutexHeldCount  tasks.o
    0x000019cc   0x000019cc   0x00000020   Code   RO         1115    i.pxPortInitialiseStack  port.o
    0x000019ec   0x000019ec   0x00000028   Code   RO         1075    i.uxListRemove      list.o
    0x00001a14   0x00001a14   0x0000001a   Code   RO         1076    i.vListInitialise   list.o
    0x00001a2e   0x00001a2e   0x00000006   Code   RO         1077    i.vListInitialiseItem  list.o
    0x00001a34   0x00001a34   0x00000036   Code   RO         1078    i.vListInsert       list.o
    0x00001a6a   0x00001a6a   0x00000018   Code   RO         1079    i.vListInsertEnd    list.o
    0x00001a82   0x00001a82   0x00000002   PAD
    0x00001a84   0x00001a84   0x0000001c   Code   RO         1117    i.vPortEnterCritical  port.o
    0x00001aa0   0x00001aa0   0x00000028   Code   RO         1118    i.vPortExitCritical  port.o
    0x00001ac8   0x00001ac8   0x00000080   Code   RO         1029    i.vPortFree         heap_4.o
    0x00001b48   0x00001b48   0x00000018   Code   RO         1119    i.vPortYield        port.o
    0x00001b60   0x00001b60   0x0000002c   Code   RO         1190    i.vQueueAddToRegistry  queue.o
    0x00001b8c   0x00001b8c   0x0000004c   Code   RO         1194    i.vQueueWaitForMessageRestricted  queue.o
    0x00001bd8   0x00001bd8   0x00000044   Code   RO         1399    i.vTaskDelay        tasks.o
    0x00001c1c   0x00001c1c   0x0000000c   Code   RO         1404    i.vTaskMissedYield  tasks.o
    0x00001c28   0x00001c28   0x0000002c   Code   RO         1406    i.vTaskPlaceOnEventList  tasks.o
    0x00001c54   0x00001c54   0x00000034   Code   RO         1407    i.vTaskPlaceOnEventListRestricted  tasks.o
    0x00001c88   0x00001c88   0x0000008c   Code   RO         1409    i.vTaskPriorityInherit  tasks.o
    0x00001d14   0x00001d14   0x00000020   Code   RO         1414    i.vTaskSetTimeOutState  tasks.o
    0x00001d34   0x00001d34   0x00000078   Code   RO         1415    i.vTaskStartScheduler  tasks.o
    0x00001dac   0x00001dac   0x00000010   Code   RO         1417    i.vTaskSuspendAll   tasks.o
    0x00001dbc   0x00001dbc   0x00000080   Code   RO         1418    i.vTaskSwitchContext  tasks.o
    0x00001e3c   0x00001e3c   0x00000038   Code   RO         1120    i.xPortStartScheduler  port.o
    0x00001e74   0x00001e74   0x00000050   Code   RO         1197    i.xQueueGenericCreate  queue.o
    0x00001ec4   0x00001ec4   0x0000018c   Code   RO         1198    i.xQueueGenericReceive  queue.o
    0x00002050   0x00002050   0x00000082   Code   RO         1199    i.xQueueGenericReset  queue.o
    0x000020d2   0x000020d2   0x0000015a   Code   RO         1200    i.xQueueGenericSend  queue.o
    0x0000222c   0x0000222c   0x000000bc   Code   RO         1201    i.xQueueGenericSendFromISR  queue.o
    0x000022e8   0x000022e8   0x00000074   Code   RO         1419    i.xTaskCheckForTimeOut  tasks.o
    0x0000235c   0x0000235c   0x0000005c   Code   RO         1420    i.xTaskCreate       tasks.o
    0x000023b8   0x000023b8   0x00000024   Code   RO         1424    i.xTaskGetSchedulerState  tasks.o
    0x000023dc   0x000023dc   0x0000000c   Code   RO         1425    i.xTaskGetTickCount  tasks.o
    0x000023e8   0x000023e8   0x00000124   Code   RO         1427    i.xTaskIncrementTick  tasks.o
    0x0000250c   0x0000250c   0x00000088   Code   RO         1430    i.xTaskPriorityDisinherit  tasks.o
    0x00002594   0x00002594   0x00000088   Code   RO         1431    i.xTaskRemoveFromEventList  tasks.o
    0x0000261c   0x0000261c   0x000000f0   Code   RO         1433    i.xTaskResumeAll    tasks.o
    0x0000270c   0x0000270c   0x00000048   Code   RO         1741    i.xTimerCreateTimerTask  timers.o
    0x00002754   0x00002754   0x00000074   Code   RO         1742    i.xTimerGenericCommand  timers.o
    0x000027c8   0x000027c8   0x00000010   Data   RO           29    .constdata          clock_config.o
    0x000027d8   0x000027d8   0x00000002   Data   RO         1865    .constdata          main.o
    0x000027da   0x000027da   0x00000002   PAD
    0x000027dc   0x000027dc   0x00000020   Data   RO         2074    Region$$Table       anon$$obj.o


    Execution Region RW_m_data (Exec base: 0x1fff8000, Load base: 0x000027fc, Size: 0x000029d8, Max: 0x0001f800, ABSOLUTE)

    Exec Addr    Load Addr    Size         Type   Attr      Idx    E Section Name        Object

    0x1fff8000   0x000027fc   0x00000004   Data   RW          154    .data               system_mkw41z4.o
    0x1fff8004   0x00002800   0x00000008   Data   RW          606    .data               fsl_lpuart.o
    0x1fff800c   0x00002808   0x00000018   Data   RW         1034    .data               heap_4.o
    0x1fff8024   0x00002820   0x00000004   Data   RW         1121    .data               port.o
    0x1fff8028   0x00002824   0x0000003c   Data   RW         1436    .data               tasks.o
    0x1fff8064   0x00002860   0x00000014   Data   RW         1750    .data               timers.o
    0x1fff8078   0x00002874   0x00000020   Data   RW         1866    .data               main.o
    0x1fff8098        -       0x00002800   Zero   RW         1033    .bss                heap_4.o
    0x1fffa898        -       0x00000040   Zero   RW         1209    .bss                queue.o
    0x1fffa8d8        -       0x000000c8   Zero   RW         1435    .bss                tasks.o
    0x1fffa9a0        -       0x00000028   Zero   RW         1749    .bss                timers.o
    0x1fffa9c8        -       0x00000010   Zero   RW         1945    .bss                fsl_debug_console.o


    Execution Region ARM_LIB_HEAP (Exec base: 0x1fffa9d8, Load base: 0x00002894, Size: 0x00000400, Max: 0x00000400, ABSOLUTE)

    Exec Addr    Load Addr    Size         Type   Attr      Idx    E Section Name        Object

    0x1fffa9d8        -       0x00000400   Zero   RW            2    ARM_LIB_HEAP.bss    anon$$obj.o


    Execution Region ARM_LIB_STACK (Exec base: 0x20017c00, Load base: 0x00002894, Size: 0x00000400, Max: 0x00000400, ABSOLUTE)

    Exec Addr    Load Addr    Size         Type   Attr      Idx    E Section Name        Object

    0x20017c00        -       0x00000400   Zero   RW            3    ARM_LIB_STACK.bss   anon$$obj.o


==============================================================================

Image component sizes


      Code (inc. data)   RO Data    RW Data    ZI Data      Debug   Object Name

         2          0          0          0          0       4929   board.o
       120         28         16          0          0     637755   clock_config.o
         0          0          0          0          0       9056   croutine.o
         0          0          0          0          0       3868   event_groups.o
       380         20          0          0          0      13426   fsl_clock.o
        68         44          0          0          0        597   fsl_common.o
       894         16          0          0         16       7915   fsl_debug_console.o
       108         30          0          0          0       2167   fsl_gpio.o
        28         12          0          8          0      12542   fsl_lpuart.o
         0          0          0          0          0       1588   fsl_lpuart_freertos.o
        40         10          0          0          0        493   fsl_tickless_lptmr.o
       640         60          0         24      10240       3939   heap_4.o
       150          0          0          0          0       2990   list.o
       296         50          2         32          0       4227   main.o
       180         28          0          0          0       8805   pin_mux.o
       374         48          0          4          0       4898   port.o
      1676          4          0          0         64      14933   queue.o
       132         58        208          0          0       1028   startup_mkw41z4.o
        40          4          0          4          0        747   system_mkw41z4.o
      2498        348          0         60        200      20149   tasks.o
      1086        112          0         20         40       8847   timers.o

    ----------------------------------------------------------------------
      8724        872        260        152      12608     764899   Object Totals
         0          0         32          0       2048          0   (incl. Generated)
        12          0          2          0          0          0   (incl. Padding)

    ----------------------------------------------------------------------

      Code (inc. data)   RO Data    RW Data    ZI Data      Debug   Library Member Name

         0          0          0          0          0          0   entry.o
         0          0          0          0          0          0   entry10a.o
         0          0          0          0          0          0   entry11a.o
         8          4          0          0          0          0   entry4.o
         4          0          0          0          0          0   entry5.o
         0          0          0          0          0          0   entry7b.o
         0          0          0          0          0          0   entry8b.o
         8          4          0          0          0          0   entry9a.o
        30          0          0          0          0          0   handlers.o
        40          0          0          0          0         72   idiv.o
        36          8          0          0          0         68   init.o
         0          0          0          0          0          0   iusefp.o
        36          0          0          0          0         60   memcpya.o
        36          0          0          0          0        100   memseta.o
        14          0          0          0          0         60   strlen.o
        44          0          0          0          0         72   uidiv.o
        40          0          0          0          0         60   ffixui.o
       122          0          0          0          0         72   fmul.o

    ----------------------------------------------------------------------
       420         16          0          0          0        564   Library Totals
         2          0          0          0          0          0   (incl. Padding)

    ----------------------------------------------------------------------

      Code (inc. data)   RO Data    RW Data    ZI Data      Debug   Library Name

       256         16          0          0          0        432   mc_p.l
       162          0          0          0          0        132   mf_p.l

    ----------------------------------------------------------------------
       420         16          0          0          0        564   Library Totals

    ----------------------------------------------------------------------

==============================================================================


      Code (inc. data)   RO Data    RW Data    ZI Data      Debug   

      9144        888        260        152      12608     761339   Grand Totals
      9144        888        260        152      12608     761339   ELF Image Totals
      9144        888        260        152          0          0   ROM Totals

==============================================================================

    Total RO  Size (Code + RO Data)                 9404 (   9.18kB)
    Total RW  Size (RW Data + ZI Data)             12760 (  12.46kB)
    Total ROM Size (Code + RO Data + RW Data)       9556 (   9.33kB)

==============================================================================

