<html>
<body>
<pre>
<h1>µVision Build Log</h1>
<h2>Tool Versions:</h2>
IDE-Version: µVision V5.24.2.0
Copyright (C) 2017 ARM Ltd and ARM Germany GmbH. All rights reserved.
License Information: Lewis Smith, University of Southampton, LIC=----
 
Tool Versions:
Toolchain:       MDK-Lite  Version: 5.24.1
Toolchain Path:  C:\Keil_v5\ARM\ARMCC\Bin
C Compiler:      Armcc.exe V5.06 update 5 (build 528)
Assembler:       Armasm.exe V5.06 update 5 (build 528)
Linker/Locator:  ArmLink.exe V5.06 update 5 (build 528)
Library Manager: ArmAr.exe V5.06 update 5 (build 528)
Hex Converter:   FromElf.exe V5.06 update 5 (build 528)
CPU DLL:         SARMCM3.DLL V5.24.1
Dialog DLL:      DARMCM1.DLL V1.18.0.0
Target DLL:      Segger\JL2CM3.dll V2.99.26.0
Dialog DLL:      TARMCM1.DLL V1.13.0.0
 
<h2>Project:</h2>
C:\Users\lewis\Documents\Part III\COMP3215\COMP3215-Lab-1\Blinky_Keil\Blinky_Keil.uvprojx
Project File Date:  11/12/2017

<h2>Output:</h2>
*** Using Compiler 'V5.06 update 5 (build 528)', folder: 'C:\Keil_v5\ARM\ARMCC\Bin'
Build Project 'Blinky_Keil' - Target 'Blinky_Keil Debug'
compiling main.c...
C:\Users\lewis\Documents\Part III\COMP3215\COMP3215-Lab-1\Blinky_Keil\source\main.c(39): warning:  #191-D: type qualifier is meaningless on cast type
  	return (
ortTickType) (s * (const float) 
onfigTICK_RATE_HZ);
source/main.c: 1 warning, 0 errors
linking...
Program Size: Code=9144 RO-data=260 RW-data=152 ZI-data=12608  
"debug\cproject_templates.out" - 0 Error(s), 1 Warning(s).

<h2>Software Packages used:</h2>

Package Vendor: Keil
                http://www.keil.com/pack/Keil.Kinetis_KWxx_DFP.1.7.0.pack
                Keil.Kinetis_KWxx_DFP.1.7.0
                NXP Kinetis KWxx Series Device Support

<h2>Collection of Component include folders:</h2>
  .\RTE\_Blinky_Keil_Debug
  C:\Keil_v5\ARM\PACK\Keil\Kinetis_KWxx_DFP\1.7.0\Device\Include

<h2>Collection of Component Files used:</h2>
Build Time Elapsed:  00:00:06
</pre>
</body>
</html>
