15:15:34 **** Build of configuration Debug for project Blinky ****
make -r -j8 all 
make: *** No rule to make target `all'.  Stop.
15:21:27 **** Build of configuration Debug for project Blinky ****
make -r -j8 all 
make: *** No rule to make target `all'.  Stop.
15:21:54 **** Incremental Build of configuration Debug for project Blinky ****
make -r -j8 all 
Building file: ../startup/startup_MKW41Z4.S
Building file: ../freertos/croutine.c
Building file: ../utilities/fsl_debug_console.c
Building file: ../freertos/event_groups.c
Building file: ../freertos/fsl_tickless_systick.c
Building file: ../freertos/heap_1.c
Building file: ../freertos/fsl_tickless_lptmr.c
Building file: ../source/main.c
Invoking: MCU Assembler
Invoking: MCU C Compiler
arm-none-eabi-gcc -c -x assembler-with-cpp -D__REDLIB__ -DDEBUG -D__CODE_RED -g3 -mcpu=cortex-m0plus -mthumb -D__REDLIB__ -specs=redlib.specs -o "startup/startup_MKW41Z4.o" "../startup/startup_MKW41Z4.S"
Invoking: MCU C Compiler
Invoking: MCU C Compiler
arm-none-eabi-gcc -D__REDLIB__ -DDEBUG -D__CODE_RED -O0 -fno-common -g3 -Wall -c -fmessage-length=0 -fno-builtin -ffunction-sections -fdata-sections -mcpu=cortex-m0plus -mthumb -D__REDLIB__ -specs=redlib.specs -MMD -MP -MF"freertos/croutine.d" -MT"freertos/croutine.o" -MT"freertos/croutine.d" -o "freertos/croutine.o" "../freertos/croutine.c"
Invoking: MCU C Compiler
arm-none-eabi-gcc -D__REDLIB__ -DDEBUG -D__CODE_RED -O0 -fno-common -g3 -Wall -c -fmessage-length=0 -fno-builtin -ffunction-sections -fdata-sections -mcpu=cortex-m0plus -mthumb -D__REDLIB__ -specs=redlib.specs -MMD -MP -MF"utilities/fsl_debug_console.d" -MT"utilities/fsl_debug_console.o" -MT"utilities/fsl_debug_console.d" -o "utilities/fsl_debug_console.o" "../utilities/fsl_debug_console.c"
Invoking: MCU C Compiler
arm-none-eabi-gcc -D__REDLIB__ -DDEBUG -D__CODE_RED -O0 -fno-common -g3 -Wall -c -fmessage-length=0 -fno-builtin -ffunction-sections -fdata-sections -mcpu=cortex-m0plus -mthumb -D__REDLIB__ -specs=redlib.specs -MMD -MP -MF"freertos/fsl_tickless_systick.d" -MT"freertos/fsl_tickless_systick.o" -MT"freertos/fsl_tickless_systick.d" -o "freertos/fsl_tickless_systick.o" "../freertos/fsl_tickless_systick.c"
Invoking: MCU C Compiler
Invoking: MCU C Compiler
arm-none-eabi-gcc -D__REDLIB__ -DDEBUG -D__CODE_RED -O0 -fno-common -g3 -Wall -c -fmessage-length=0 -fno-builtin -ffunction-sections -fdata-sections -mcpu=cortex-m0plus -mthumb -D__REDLIB__ -specs=redlib.specs -MMD -MP -MF"source/main.d" -MT"source/main.o" -MT"source/main.d" -o "source/main.o" "../source/main.c"
arm-none-eabi-gcc -D__REDLIB__ -DDEBUG -D__CODE_RED -O0 -fno-common -g3 -Wall -c -fmessage-length=0 -fno-builtin -ffunction-sections -fdata-sections -mcpu=cortex-m0plus -mthumb -D__REDLIB__ -specs=redlib.specs -MMD -MP -MF"freertos/heap_1.d" -MT"freertos/heap_1.o" -MT"freertos/heap_1.d" -o "freertos/heap_1.o" "../freertos/heap_1.c"
arm-none-eabi-gcc -D__REDLIB__ -DDEBUG -D__CODE_RED -O0 -fno-common -g3 -Wall -c -fmessage-length=0 -fno-builtin -ffunction-sections -fdata-sections -mcpu=cortex-m0plus -mthumb -D__REDLIB__ -specs=redlib.specs -MMD -MP -MF"freertos/fsl_tickless_lptmr.d" -MT"freertos/fsl_tickless_lptmr.o" -MT"freertos/fsl_tickless_lptmr.d" -o "freertos/fsl_tickless_lptmr.o" "../freertos/fsl_tickless_lptmr.c"
arm-none-eabi-gcc -D__REDLIB__ -DDEBUG -D__CODE_RED -O0 -fno-common -g3 -Wall -c -fmessage-length=0 -fno-builtin -ffunction-sections -fdata-sections -mcpu=cortex-m0plus -mthumb -D__REDLIB__ -specs=redlib.specs -MMD -MP -MF"freertos/event_groups.d" -MT"freertos/event_groups.o" -MT"freertos/event_groups.d" -o "freertos/event_groups.o" "../freertos/event_groups.c"
../source/main.c:7:21: fatal error: board.h: No such file or directory
compilation terminated.
In file included from ../utilities/fsl_debug_console.c:67:0:
../utilities/fsl_debug_console.h:47:24: fatal error: fsl_common.h: No such file or directory
compilation terminated.
make: *** [source/main.o] Error 1
make: *** Waiting for unfinished jobs....
make: *** [utilities/fsl_debug_console.o] Error 1
Finished building: ../freertos/croutine.c
 
Finished building: ../startup/startup_MKW41Z4.S
Finished building: ../freertos/fsl_tickless_systick.c
Finished building: ../freertos/event_groups.c
Finished building: ../freertos/fsl_tickless_lptmr.c
 
 
 
 
Finished building: ../freertos/heap_1.c
 
15:28:56 **** Build of configuration Default for project Blinky ****
make all 
make: *** No rule to make target 'all'.  Stop.
15:29:34 **** Incremental Build of configuration Default for project Blinky ****
make all 
Building file: ../utilities/fsl_debug_console.c
Invoking: GCC C Compiler
gcc -O2 -g -Wall -c -fmessage-length=0 -MMD -MP -MF"utilities/fsl_debug_console.d" -MT"utilities/fsl_debug_console.o" -o "utilities/fsl_debug_console.o" "../utilities/fsl_debug_console.c"
In file included from ../utilities/fsl_debug_console.c:67:0:
../utilities/fsl_debug_console.h:47:24: fatal error: fsl_common.h: No such file or directory
 #include "fsl_common.h"
                        ^
compilation terminated.
make: *** [utilities/fsl_debug_console.o] Error 1
utilities/subdir.mk:21: recipe for target 'utilities/fsl_debug_console.o' failed
15:49:44 **** Clean-only build of configuration Debug for project Blinky_MCU ****
make -r -j8 clean 
make: *** No rule to make target `clean'.  Stop.
16:07:18 **** Build of configuration Debug for project BlinkyProject_Generator_Blinky_Gen ****
make -r -j8 all 
Building file: ../freertos/croutine.c
Building file: ../freertos/fsl_tickless_systick.c
Building file: ../freertos/event_groups.c
Building file: ../source/main.c
Building file: ../startup/startup_mkw41z4.c
Building file: ../freertos/fsl_tickless_lptmr.c
Building file: ../source/mtb.c
Invoking: MCU C Compiler
Invoking: MCU C Compiler
Building file: ../utilities/fsl_debug_console.c
Invoking: MCU C Compiler
Invoking: MCU C Compiler
Invoking: MCU C Compiler
arm-none-eabi-gcc -DCR_INTEGER_PRINTF -DSDK_DEBUGCONSOLE=0 -D__MCUXPRESSO -D__USE_CMSIS -DDEBUG -DFSL_RTOS_FREE_RTOS -DSDK_OS_FREE_RTOS -DSDK_CORE_ID_CORE0 -DCPU_MKW41Z512VHT4 -DCPU_MKW41Z512VHT4_cm0plus -D__REDLIB__ -I"C:\Users\lewis\Documents\Part III\COMP3215\COMP3215-Lab-1\Blinky_MCU\Blinky\Project_Generator_Blinky_Gen\source" -I"C:\Users\lewis\Documents\Part III\COMP3215\COMP3215-Lab-1\Blinky_MCU\Blinky\Project_Generator_Blinky_Gen" -I"C:\Users\lewis\Documents\Part III\COMP3215\COMP3215-Lab-1\Blinky_MCU\Blinky\Project_Generator_Blinky_Gen\board" -I"C:\Users\lewis\Documents\Part III\COMP3215\COMP3215-Lab-1\Blinky_MCU\Blinky\Project_Generator_Blinky_Gen\freertos" -I"C:\Users\lewis\Documents\Part III\COMP3215\COMP3215-Lab-1\Blinky_MCU\Blinky\Project_Generator_Blinky_Gen\drivers" -I"C:\Users\lewis\Documents\Part III\COMP3215\COMP3215-Lab-1\Blinky_MCU\Blinky\Project_Generator_Blinky_Gen\CMSIS" -I"C:\Users\lewis\Documents\Part III\COMP3215\COMP3215-Lab-1\Blinky_MCU\Blinky\Project_Generator_Blinky_Gen\CMSIS_driver" -I"C:\Users\lewis\Documents\Part III\COMP3215\COMP3215-Lab-1\Blinky_MCU\Blinky\Project_Generator_Blinky_Gen\startup" -I"C:\Users\lewis\Documents\Part III\COMP3215\COMP3215-Lab-1\Blinky_MCU\Blinky\Project_Generator_Blinky_Gen\utilities" -O0 -fno-common -g3 -Wall -c -fmessage-length=0 -fno-builtin -ffunction-sections -fdata-sections -mcpu=cortex-m0plus -mthumb -D__REDLIB__ -specs=redlib.specs -MMD -MP -MF"startup/startup_mkw41z4.d" -MT"startup/startup_mkw41z4.o" -MT"startup/startup_mkw41z4.d" -o "startup/startup_mkw41z4.o" "../startup/startup_mkw41z4.c"
Invoking: MCU C Compiler
Invoking: MCU C Compiler
arm-none-eabi-gcc -DCR_INTEGER_PRINTF -DSDK_DEBUGCONSOLE=0 -D__MCUXPRESSO -D__USE_CMSIS -DDEBUG -DFSL_RTOS_FREE_RTOS -DSDK_OS_FREE_RTOS -DSDK_CORE_ID_CORE0 -DCPU_MKW41Z512VHT4 -DCPU_MKW41Z512VHT4_cm0plus -D__REDLIB__ -I"C:\Users\lewis\Documents\Part III\COMP3215\COMP3215-Lab-1\Blinky_MCU\Blinky\Project_Generator_Blinky_Gen\source" -I"C:\Users\lewis\Documents\Part III\COMP3215\COMP3215-Lab-1\Blinky_MCU\Blinky\Project_Generator_Blinky_Gen" -I"C:\Users\lewis\Documents\Part III\COMP3215\COMP3215-Lab-1\Blinky_MCU\Blinky\Project_Generator_Blinky_Gen\board" -I"C:\Users\lewis\Documents\Part III\COMP3215\COMP3215-Lab-1\Blinky_MCU\Blinky\Project_Generator_Blinky_Gen\freertos" -I"C:\Users\lewis\Documents\Part III\COMP3215\COMP3215-Lab-1\Blinky_MCU\Blinky\Project_Generator_Blinky_Gen\drivers" -I"C:\Users\lewis\Documents\Part III\COMP3215\COMP3215-Lab-1\Blinky_MCU\Blinky\Project_Generator_Blinky_Gen\CMSIS" -I"C:\Users\lewis\Documents\Part III\COMP3215\COMP3215-Lab-1\Blinky_MCU\Blinky\Project_Generator_Blinky_Gen\CMSIS_driInvoking: MCU C Compiler
ver" -I"C:\Users\lewis\Documents\Part III\COMP3215\COMP3215-Lab-1\Blinky_MCU\Blinky\Project_Generator_Blinky_Gen\startup" -I"C:\Users\lewis\Documents\Part III\COMP3215\COMP3215-Lab-1\Blinky_MCU\Blinky\Project_Generator_Blinky_Gen\utilities" -O0 -fno-common -g3 -Wall -c -fmessage-length=0 -fno-builtin -ffunction-sections -fdata-sections -mcpu=cortex-m0plus -mthumb -D__REDLIB__ -specs=redlib.specs -MMD -MP -MF"freertos/event_groups.d" -MT"freertos/event_groups.o" -MT"freertos/event_groups.d" -o "freertos/event_groups.o" "../freertos/event_groups.c"
arm-none-eabi-gcc -DCR_INTEGER_PRINTF -DSDK_DEBUGCONSOLE=0 -D__MCUXPRESSO -D__USE_CMSIS -DDEBUG -DFSL_RTOS_FREE_RTOS -DSDK_OS_FREE_RTOS -DSDK_CORE_ID_CORE0 -DCPU_MKW41Z512VHT4 -DCPU_MKW41Z512VHT4_cm0plus -D__REDLIB__ -I"C:\Users\lewis\Documents\Part III\COMP3215\COMP3215-Lab-1\Blinky_MCU\Blinky\Project_Generator_Blinky_Gen\source" -I"C:\Users\lewis\Documents\Part III\COMP3215\COMP3215-Lab-1\Blinky_MCU\Blinky\Project_Generator_Blinky_Gen" -I"C:\Users\lewis\Documents\Part III\COMP3215\COMP3215-Lab-1\Blinky_MCU\Blinky\Project_Generator_Blinky_Gen\board" -I"C:\Users\lewis\Documents\Part III\COMP3215\COMP3215-Lab-1\Blinky_MCU\Blinky\Project_Generator_Blinky_Gen\freertos" -I"C:\Users\lewis\Documents\Part III\COMP3215\COMP3215-Lab-1\Blinky_MCU\Blinky\Project_Generator_Blinky_Gen\drivers" -I"C:\Users\lewis\Documents\Part III\COMP3215\COMP3215-Lab-1\Blinky_MCU\Blinky\Project_Generator_Blinky_Gen\CMSIS" -I"C:\Users\lewis\Documents\Part III\COMP3215\COMP3215-Lab-1\Blinky_MCU\Blinky\Project_Generator_Blinky_Gen\CMSIS_driver" -I"C:\Users\lewis\Documents\Part III\COMP3215\COMP3215-Lab-1\Blinky_MCU\Blinky\Project_Generator_Blinky_Gen\startup" -I"C:\Users\lewis\Documents\Part III\COMP3215\COMP3215-Lab-1\Blinky_MCU\Blinky\Project_Generator_Blinky_Gen\utilities" -O0 -fno-common -g3 -Wall -c -fmessage-length=0 -fno-builtin -ffunction-sections -fdata-sections -mcpu=cortex-m0plus -mthumb -D__REDLIB__ -specs=redlib.specs -MMD -MP -MF"freertos/fsl_tickless_lptmr.d" -MT"freertos/fsl_tickless_lptmr.o" -MT"freertos/fsl_tickless_lptmr.d" -o "freertos/fsl_tickless_lptmr.o" "../freertos/fsl_tickless_lptmr.c"
arm-none-eabi-gcc -DCR_INTEGER_PRINTF -DSDK_DEBUGCONSOLE=0 -D__MCUXPRESSO -D__USE_CMSIS -DDEBUG -DFSL_RTOS_FREE_RTOS -DSDK_OS_FREE_RTOS -DSDK_CORE_ID_CORE0 -DCPU_MKW41Z512VHT4 -DCPU_MKW41Z512VHT4_cm0plus -D__REDLIB__ -I"C:\Users\lewis\Documents\Part III\COMP3215\COMP3215-Lab-1\Blinky_MCU\Blinky\Project_Generator_Blinky_Gen\source" -I"C:\Users\lewis\Documents\Part III\COMP3215\COMP3215-Lab-1\Blinky_MCU\Blinky\Project_Generator_Blinky_Gen" -I"C:\Users\lewis\Documents\Part III\COMP3215\COMP3215-Lab-1\Blinky_MCU\Blinky\Project_Generator_Blinky_Gen\board" -I"C:\Users\lewis\Documents\Part III\COMP3215\COMP3215-Lab-1\Blinky_MCU\Blinky\Project_Generator_Blinky_Gen\freertos" -I"C:\Users\lewis\Documents\Part III\COMP3215\COMP3215-Lab-1\Blinky_MCU\Blinky\Project_Generator_Blinky_Gen\drivers" -I"C:\Users\lewis\Documents\Part III\COMP3215\COMP3215-Lab-1\Blinky_MCU\Blinky\Project_Generator_Blinky_Gen\CMSIS" -I"C:\Users\lewis\Documents\Part III\COMP3215\COMP3215-Lab-1\Blinky_MCU\Blinky\Project_Generator_Blinky_Gen\CMSIS_driver" -I"C:\Users\lewis\Documents\Part III\COMP3215\COMP3215-Lab-1\Blinky_MCU\Blinky\Project_Generator_Blinky_Gen\startup" -I"C:\Users\lewis\Documents\Part III\COMP3215\COMP3215-Lab-1\Blinky_MCU\Blinky\Project_Generator_Blinky_Gen\utilities" -O0 -fno-common -g3 -Wall -c -fmessage-length=0 -fno-builtin -ffunction-sections -fdata-sections -mcpu=cortex-m0plus -mthumb -D__REDLIB__ -specs=redlib.specs -MMD -MP -MF"freertos/croutine.d" -MT"freertos/croutine.o" -MT"freertos/croutine.d" -o "freertos/croutine.o" "../freertos/croutine.c"
arm-none-eabi-gcc -DCR_INTEGER_PRINTF -DSDK_DEBUGCONSOLE=0 -D__MCUXPRESSO -D__USE_CMSIS -DDEBUG -DFSL_RTOS_FREE_RTOS -DSDK_OS_FREE_RTOS -DSDK_CORE_ID_CORE0 -DCPU_MKW41Z512VHT4 -DCPU_MKW41Z512VHT4_cm0plus -D__REDLIB__ -I"C:\Users\lewis\Documents\Part III\COMP3215\COMP3215-Lab-1\Blinky_MCU\Blinky\Project_Generator_Blinky_Gen\source" -I"C:\Users\lewis\Documents\Part III\COMP3215\COMP3215-Lab-1\Blinky_MCU\Blinky\Project_Generator_Blinky_Gen" -I"C:\Users\lewis\Documents\Part III\COMP3215\COMP3215-Lab-1\Blinky_MCU\Blinky\Project_Generator_Blinky_Gen\board" -I"C:\Users\lewis\Documents\Part III\COMP3215\COMP3215-Lab-1\Blinky_MCU\Blinky\Project_Generator_Blinky_Gen\freertos" -I"C:\Users\lewis\Documents\Part III\COMP3215\COMP3215-Lab-1\Blinky_MCU\Blinky\Project_Generator_Blinky_Gen\drivers" -I"C:\Users\lewis\Documents\Part III\COMP3215\COMP3215-Lab-1\Blinky_MCU\Blinky\Project_Generator_Blinky_Gen\CMSIS" -I"C:\Users\lewis\Documents\Part III\COMP3215\COMP3215-Lab-1\Blinky_MCU\Blinky\Project_Generator_Blinky_Gen\CMSIS_driver" -I"C:\Users\lewis\Documents\Part III\COMP3215\COMP3215-Lab-1\Blinky_MCU\Blinky\Project_Generator_Blinky_Gen\startup" -I"C:\Users\lewis\Documents\Part III\COMP3215\COMP3215-Lab-1\Blinky_MCU\Blinky\Project_Generator_Blinky_Gen\utilities" -O0 -fno-common -g3 -Wall -c -fmessage-length=0 -fno-builtin -ffunction-sections -fdata-sections -mcpu=cortex-m0plus -mthumb -D__REDLIB__ -specs=redlib.specs -MMD -MP -MF"source/main.d" -MT"source/main.o" -MT"source/main.d" -o "source/main.o" "../source/main.c"
arm-none-eabi-gcc -DCR_INTEGER_PRINTF -DSDK_DEBUGCONSOLE=0 -D__MCUXPRESSO -D__USE_CMSIS -DDEBUG -DFSL_RTOS_FREE_RTOS -DSDK_OS_FREE_RTOS -DSDK_CORE_ID_CORE0 -DCPU_MKW41Z512VHT4 -DCPU_MKW41Z512VHT4_cm0plus -D__REDLIB__ -I"C:\Users\lewis\Documents\Part III\COMP3215\COMP3215-Lab-1\Blinky_MCU\Blinky\Project_Generator_Blinky_Gen\source" -I"C:\Users\lewis\Documents\Part III\COMP3215\COMP3215-Lab-1\Blinky_MCU\Blinky\Project_Generator_Blinky_Gen" -I"C:\Users\lewis\Documents\Part III\COMP3215\COMP3215-Lab-1\Blinky_MCU\Blinky\Project_Generator_Blinky_Gen\board" -I"C:\Users\lewis\Documents\Part III\COMP3215\COMP3215-Lab-1\Blinky_MCU\Blinky\Project_Generator_Blinky_Gen\freertos" -I"C:\Users\lewis\Documents\Part III\COMP3215\COMP3215-Lab-1\Blinky_MCU\Blinky\Project_Generator_Blinky_Gen\drivers" -I"C:\Users\lewis\Documents\Part III\COMP3215\COMP3215-Lab-1\Blinky_MCU\Blinky\Project_Generator_Blinky_Gen\CMSIS" -I"C:\Users\lewis\Documents\Part III\COMP3215\COMP3215-Lab-1\Blinky_MCU\Blinky\Project_Generator_Blinky_Gen\CMSIS_driver" -I"C:\Users\lewis\Documents\Part III\COMP3215\COMP3215-Lab-1\Blinky_MCU\Blinky\Project_Generator_Blinky_Gen\startup" -I"C:\Users\lewis\Documents\Part III\COMP3215\COMP3215-Lab-1\Blinky_MCU\Blinky\Project_Generator_Blinky_Gen\utilities" -O0 -fno-common -g3 -Wall -c -fmessage-length=0 -fno-builtin -ffunction-sections -fdata-sections -mcpu=cortex-m0plus -mthumb -D__REDLIB__ -specs=redlib.specs -MMD -MP -MF"utilities/fsl_debug_console.d" -MT"utilities/fsl_debug_console.o" -MT"utilities/fsl_debug_console.d" -o "utilities/fsl_debug_console.o" "../utilities/fsl_debug_console.c"
arm-none-eabi-gcc -DCR_INTEGER_PRINTF -DSDK_DEBUGCONSOLE=0 -D__MCUXPRESSO -D__USE_CMSIS -DDEBUG -DFSL_RTOS_FREE_RTOS -DSDK_OS_FREE_RTOS -DSDK_CORE_ID_CORE0 -DCPU_MKW41Z512VHT4 -DCPU_MKW41Z512VHT4_cm0plus -D__REDLIB__ -I"C:\Users\lewis\Documents\Part III\COMP3215\COMP3215-Lab-1\Blinky_MCU\Blinky\Project_Generator_Blinky_Gen\source" -I"C:\Users\lewis\Documents\Part III\COMP3215\COMP3215-Lab-1\Blinky_MCU\Blinky\Project_Generator_Blinky_Gen" -I"C:\Users\lewis\Documents\Part III\COMP3215\COMP3215-Lab-1\Blinky_MCU\Blinky\Project_Generator_Blinky_Gen\board" -I"C:\Users\lewis\Documents\Part III\COMP3215\COMP3215-Lab-1\Blinky_MCU\Blinky\Project_Generator_Blinky_Gen\freertos" -I"C:\Users\lewis\Documents\Part III\COMP3215\COMP3215-Lab-1\Blinky_MCU\Blinky\Project_Generator_Blinky_Gen\drivers" -I"C:\Users\lewis\Documents\Part III\COMP3215\COMP3215-Lab-1\Blinky_MCU\Blinky\Project_Generator_Blinky_Gen\CMSIS" -I"C:\Users\lewis\Documents\Part III\COMP3215\COMP3215-Lab-1\Blinky_MCU\Blinky\Project_Generator_Blinky_Gen\CMSIS_driver" -I"C:\Users\lewis\Documents\Part III\COMP3215\COMP3215-Lab-1\Blinky_MCU\Blinky\Project_Generator_Blinky_Gen\startup" -I"C:\Users\lewis\Documents\Part III\COMP3215\COMP3215-Lab-1\Blinky_MCU\Blinky\Project_Generator_Blinky_Gen\utilities" -O0 -fno-common -g3 -Wall -c -fmessage-length=0 -fno-builtin -ffunction-sections -fdata-sections -mcpu=cortex-m0plus -mthumb -D__REDLIB__ -specs=redlib.specs -MMD -MP -MF"source/mtb.d" -MT"source/mtb.o" -MT"source/mtb.d" -o "source/mtb.o" "../source/mtb.c"
arm-none-eabi-gcc -DCR_INTEGER_PRINTF -DSDK_DEBUGCONSOLE=0 -D__MCUXPRESSO -D__USE_CMSIS -DDEBUG -DFSL_RTOS_FREE_RTOS -DSDK_OS_FREE_RTOS -DSDK_CORE_ID_CORE0 -DCPU_MKW41Z512VHT4 -DCPU_MKW41Z512VHT4_cm0plus -D__REDLIB__ -I"C:\Users\lewis\Documents\Part III\COMP3215\COMP3215-Lab-1\Blinky_MCU\Blinky\Project_Generator_Blinky_Gen\source" -I"C:\Users\lewis\Documents\Part III\COMP3215\COMP3215-Lab-1\Blinky_MCU\Blinky\Project_Generator_Blinky_Gen" -I"C:\Users\lewis\Documents\Part III\COMP3215\COMP3215-Lab-1\Blinky_MCU\Blinky\Project_Generator_Blinky_Gen\board" -I"C:\Users\lewis\Documents\Part III\COMP3215\COMP3215-Lab-1\Blinky_MCU\Blinky\Project_Generator_Blinky_Gen\freertos" -I"C:\Users\lewis\Documents\Part III\COMP3215\COMP3215-Lab-1\Blinky_MCU\Blinky\Project_Generator_Blinky_Gen\drivers" -I"C:\Users\lewis\Documents\Part III\COMP3215\COMP3215-Lab-1\Blinky_MCU\Blinky\Project_Generator_Blinky_Gen\CMSIS" -I"C:\Users\lewis\Documents\Part III\COMP3215\COMP3215-Lab-1\Blinky_MCU\Blinky\Project_Generator_Blinky_Gen\CMSIS_driver" -I"C:\Users\lewis\Documents\Part III\COMP3215\COMP3215-Lab-1\Blinky_MCU\Blinky\Project_Generator_Blinky_Gen\startup" -I"C:\Users\lewis\Documents\Part III\COMP3215\COMP3215-Lab-1\Blinky_MCU\Blinky\Project_Generator_Blinky_Gen\utilities" -O0 -fno-common -g3 -Wall -c -fmessage-length=0 -fno-builtin -ffunction-sections -fdata-sections -mcpu=cortex-m0plus -mthumb -D__REDLIB__ -specs=redlib.specs -MMD -MP -MF"freertos/fsl_tickless_systick.d" -MT"freertos/fsl_tickless_systick.o" -MT"freertos/fsl_tickless_systick.d" -o "freertos/fsl_tickless_systick.o" "../freertos/fsl_tickless_systick.c"
Finished building: ../freertos/event_groups.c
 
Finished building: ../utilities/fsl_debug_console.c
Finished building: ../freertos/croutine.c
Building file: ../freertos/heap_4.c
 
 
Finished building: ../freertos/fsl_tickless_systick.c
Finished building: ../freertos/fsl_tickless_lptmr.c
Finished building: ../startup/startup_mkw41z4.c
make: stat: freertos/port.o: Bad file number
Building file: ../freertos/list.c
Invoking: MCU C Compiler
Building file: ../freertos/port.c
arm-none-eabi-gcc -DCR_INTEGER_PRINTF -DSDK_DEBUGCONSOLE=0 -D__MCUXPRESSO -D__USE_CMSIS -DDEBUG -DFSL_RTOS_FREE_RTOS -DSDK_OS_FREE_RTOS -DSDK_CORE_ID_CORE0 -DCPU_MKW41Z512VHT4 -DCPU_MKW41Z512VHT4_cm0plus -D__REDLIB__ -I"C:\Users\lewis\Documents\Part III\COMP3215\COMP3215-Lab-1\Blinky_MCU\Blinky\Project_Generator_Blinky_Gen\source" -I"C:\Users\lewis\Documents\Part III\COMP3215\COMP3215-Lab-1\Blinky_MCU\Blinky\Project_Generator_Blinky_Gen" -I"C:\Users\lewis\Documents\Part III\COMP3215\COMP3215-Lab-1\Blinky_MCU\Blinky\Project_Generator_Blinky_Gen\board" -I"C:\Users\lewis\Documents\Part III\COMP3215\COMP3215-Lab-1\Blinky_MCU\Blinky\Project_Generator_Blinky_Gen\freertos" -I"C:\Users\lewis\Documents\Part III\COMP3215\COMP3215-Lab-1\Blinky_MCU\Blinky\Project_Generator_Blinky_Gen\drivers" -I"C:\Users\lewis\Documents\Part III\COMP3215\COMP3215-Lab-1\Blinky_MCU\Blinky\Project_Generator_Blinky_Gen\CMSIS" -I"C:\Users\lewis\Documents\Part III\COMP3215\COMP3215-Lab-1\Blinky_MCU\Blinky\Project_Generator_Blinky_Gen\CMSIS_driver" -I"C:\Users\lewis\Documents\Part III\COMP3215\COMP3215-Lab-1\Blinky_MCU\Blinky\Project_Generator_Blinky_Gen\startup" -I"C:\Users\lewis\Documents\Part III\COMP3215\COMP3215-Lab-1\Blinky_MCU\Blinky\Project_Generator_Blinky_Gen\utilities" -O0 -fno-common -g3 -Wall -c -fmessage-length=0 -fno-builtin -ffunction-sections -fdata-sections -mcpu=cortex-m0plus -mthumb -D__REDLIB__ -specs=redlib.specs -MMD -MP -MF"freertos/heap_4.d" -MT"freertos/heap_4.o" -MT"freertos/heap_4.d" -o "freertos/heap_4.o" "../freertos/heap_4.c"
 
 
 
Finished building: ../source/mtb.c
Invoking: MCU C Compiler
Invoking: MCU C Compiler
Building file: ../freertos/queue.c
Building file: ../freertos/tasks.c
 
Building file: ../freertos/timers.c
arm-none-eabi-gcc -DCR_INTEGER_PRINTF -DSDK_DEBUGCONSOLE=0 -D__MCUXPRESSO -D__USE_CMSIS -DDEBUG -DFSL_RTOS_FREE_RTOS -DSDK_OS_FREE_RTOS -DSDK_CORE_ID_CORE0 -DCPU_MKW41Z512VHT4 -DCPU_MKW41Z512VHT4_cm0plus -D__REDLIB__ -I"C:\Users\lewis\Documents\Part III\COMP3215\COMP3215-Lab-1\Blinky_MCU\Blinky\Project_Generator_Blinky_Gen\source" -I"C:\Users\lewis\Documents\Part III\COMP3215\COMP3215-Lab-1\Blinky_MCU\Blinky\Project_Generator_Blinky_Gen" -I"C:\Users\lewis\Documents\Part III\COMP3215\COMP3215-Lab-1\Blinky_MCU\Blinky\Project_Generator_Blinky_Gen\board" -I"C:\Users\lewis\Documents\Part III\COMP3215\COMP3215-Lab-1\Blinky_MCU\Blinky\Project_Generator_Blinky_Gen\freertos" -I"C:\Users\lewis\Documents\Part III\COMP3215\COMP3215-Lab-1\Blinky_MCU\Blinky\Project_Generator_Blinky_Gen\drivers" -I"C:\Users\lewis\Documents\Part III\COMP3215\COMP3215-Lab-1\Blinky_MCU\Blinky\Project_Generator_Blinky_Gen\CMSIS" -I"C:\Users\lewis\Documents\Part III\COMP3215\COMP3215-Lab-1\Blinky_MCU\Blinky\Project_Generator_Blinky_Gen\CMSIS_driver" -I"C:\Users\lewis\Documents\Part III\COMP3215\COMP3215-Lab-1\Blinky_MCU\Blinky\Project_Generator_Blinky_Gen\startup" -I"C:\Users\lewis\Documents\Part III\COMP3215\COMP3215-Lab-1\Blinky_MCU\Blinky\Project_Generator_Blinky_Gen\utilities" -O0 -fno-common -g3 -Wall -c -fmessage-length=0 -fno-builtin -ffunction-sections -fdata-sections -mcpu=cortex-m0plus -mthumb -D__REDLIB__ -specs=redlib.specs -MMD -MP -MF"freertos/list.d" -MT"freertos/list.o" -MT"freertos/list.d" -o "freertos/list.o" "../freertos/list.c"
arm-none-eabi-gcc -DCR_INTEGER_PRINTF -DSDK_DEBUGCONSOLE=0 -D__MCUXPRESSO -D__USE_CMSIS -DDEBUG -DFSL_RTOS_FREE_RTOS -DSDK_OS_FREE_RTOS -DSDK_CORE_ID_CORE0 -DCPU_MKW41Z512VHT4 -DCPU_MKW41Z512VHT4_cm0plus -D__REDLIB__ -I"C:\Users\lewis\Documents\Part III\COMP3215\COMP3215-Lab-1\Blinky_MCU\Blinky\Project_Generator_Blinky_Gen\source" -I"C:\Users\lewis\Documents\Part III\COMP3215\COMP3215-Lab-1\Blinky_MCU\Blinky\Project_Generator_Blinky_Gen" -I"C:\Users\lewis\Documents\Part III\COMP3215\COMP3215-Lab-1\Blinky_MCU\Blinky\Project_Generator_Blinky_Gen\board" -I"C:\Users\lewis\Documents\Part III\COMP3215\COMP3215-Lab-1\Blinky_MCU\Blinky\Project_Generator_Blinky_Gen\freertos" -I"C:\Users\lewis\Documents\Part III\COMP3215\COMP3215-Lab-1\Blinky_MCU\Blinky\Project_Generator_Blinky_Gen\drivers" -I"C:\Users\lewis\Documents\Part III\COMP3215\COMP3215-Lab-1\Blinky_MCU\Blinky\Project_Generator_Blinky_Gen\CMSIS" -I"C:\Users\lewis\Documents\Part III\COMP3215\COMP3215-Lab-1\Blinky_MCU\Blinky\Project_Generator_Blinky_Gen\CMSIS_driver" -I"C:\Users\lewis\Documents\Part III\COMP3215\COMP3215-Lab-1\Blinky_MCU\Blinky\Project_Generator_Blinky_Gen\startup" -I"C:\Users\lewis\Documents\Part III\COMP3215\COMP3215-Lab-1\Blinky_MCU\Blinky\Project_Generator_Blinky_Gen\utilities" -O0 -fno-common -g3 -Wall -c -fmessage-length=0 -fno-builtin -ffunction-sections -fdata-sections -mcpu=cortex-m0plus -mthumb -D__REDLIB__ -specs=redlib.specs -MMD -MP -MF"freertos/port.d" -MT"freertos/port.o" -MT"freertos/port.d" -o "freertos/port.o" "../freertos/port.c"
Finished building: ../source/main.c
Invoking: MCU C Compiler
Invoking: MCU C Compiler
Invoking: MCU C Compiler
arm-none-eabi-gcc -DCR_INTEGER_PRINTF -DSDK_DEBUGCONSOLE=0 -D__MCUXPRESSO -D__USE_CMSIS -DDEBUG -DFSL_RTOS_FREE_RTOS -DSDK_OS_FREE_RTOS -DSDK_CORE_ID_CORE0 -DCPU_MKW41Z512VHT4 -DCPU_MKW41Z512VHT4_cm0plus -D__REDLIB__ -I"C:\Users\lewis\Documents\Part III\COMP3215\COMP3215-Lab-1\Blinky_MCU\Blinky\Project_Generator_Blinky_Gen\source" -I"C:\Users\lewis\Documents\Part III\COMP3215\COMP3215-Lab-1\Blinky_MCU\Blinky\Project_Generator_Blinky_Gen" -I"C:\Users\lewis\Documents\Part III\COMP3215\COMP3215-Lab-1\Blinky_MCU\Blinky\Project_Generator_Blinky_Gen\board" -I"C:\Users\lewis\Documents\Part III\COMP3215\COMP3215-Lab-1\Blinky_MCU\Blinky\Project_Generator_Blinky_Gen\freertos" -I"C:\Users\lewis\Documents\Part III\COMP3215\COMP3215-Lab-1\Blinky_MCU\Blinky\Project_Generator_Blinky_Gen\drivers" -I"C:\Users\lewis\Documents\Part III\COMP3215\COMP3215-Lab-1\Blinky_MCU\Blinky\Project_Generator_Blinky_Gen\CMSIS" -I"C:\Users\lewis\Documents\Part III\COMP3215\COMP3215-Lab-1\Blinky_MCU\Blinky\Project_Generator_Blinky_Gen\CMSIS_driver" -I"C:\Users\lewis\Documents\Part III\COMP3215\COMP3215-Lab-1\Blinky_MCU\Blinky\Project_Generator_Blinky_Gen\startup" -I"C:\Users\lewis\Documents\Part III\COMP3215\COMP3215-Lab-1\Blinky_MCU\Blinky\Project_Generator_Blinky_Gen\utilities" -O0 -fno-common -g3 -Wall -c -fmessage-length=0 -fno-builtin -ffunction-sections -fdata-sections -mcpu=cortex-m0plus -mthumb -D__REDLIB__ -specs=redlib.specs -MMD -MP -MF"freertos/tasks.d" -MT"freertos/tasks.o" -MT"freertos/tasks.d" -o "freertos/tasks.o" "../freertos/tasks.c"
Building file: ../drivers/fsl_clock.c
arm-none-eabi-gcc -DCR_INTEGER_PRINTF -DSDK_DEBUGCONSOLE=0 -D__MCUXPRESSO -D__USE_CMSIS -DDEBUG -DFSL_RTOS_FREE_RTOS -DSDK_OS_FREE_RTOS -DSDK_CORE_ID_CORE0 -DCPU_MKW41Z512VHT4 -DCPU_MKW41Z512VHT4_cm0plus -D__REDLIB__ -I"C:\Users\lewis\Documents\Part III\COMP3215\COMP3215-Lab-1\Blinky_MCU\Blinky\Project_Generator_Blinky_Gen\source" -I"C:\Users\lewis\Documents\Part III\COMP3215\COMP3215-Lab-1\Blinky_MCU\Blinky\Project_Generator_Blinky_Gen" -I"C:\Users\lewis\Documents\Part III\COMP3215\COMP3215-Lab-1\Blinky_MCU\Blinky\Project_Generator_Blinky_Gen\board" -I"C:\Users\lewis\Documents\Part III\COMP3215\COMP3215-Lab-1\Blinky_MCU\Blinky\Project_Generator_Blinky_Gen\freertos" -I"C:\Users\lewis\Documents\Part III\COMP3215\COMP3215-Lab-1\Blinky_MCU\Blinky\Project_Generator_Blinky_Gen\drivers" -I"C:\Users\lewis\Documents\Part III\COMP3215\COMP3215-Lab-1\Blinky_MCU\Blinky\Project_Generator_Blinky_Gen\CMSIS" -I"C:\Users\lewis\Documents\Part III\COMP3215\COMP3215-Lab-1\Blinky_MCU\Blinky\Project_Generator_Blinky_Gen\CMSIS_driver" -I"C:\Users\lewis\Documents\Part III\COMP3215\COMP3215-Lab-1\Blinky_MCU\Blinky\Project_Generator_Blinky_Gen\startup" -I"C:\Users\lewis\Documents\Part III\COMP3215\COMP3215-Lab-1\Blinky_MCU\Blinky\Project_Generator_Blinky_Gen\utilities" -O0 -fno-common -g3 -Wall -c -fmessage-length=0 -fno-builtin -ffunction-sections -fdata-sections -mcpu=cortex-m0plus -mthumb -D__REDLIB__ -specs=redlib.specs -MMD -MP -MF"freertos/queue.d" -MT"freertos/queue.o" -MT"freertos/queue.d" -o "freertos/queue.o" "../freertos/queue.c"
arm-none-eabi-gcc -DCR_INTEGER_PRINTF -DSDK_DEBUGCONSOLE=0 -D__MCUXPRESSO -D__USE_CMSIS -DDEBUG -DFSL_RTOS_FREE_RTOS -DSDK_OS_FREE_RTOS -DSDK_CORE_ID_CORE0 -DCPU_MKW41Z512VHT4 -DCPU_MKW41Z512VHT4_cm0plus -D__REDLIB__ -I"C:\Users\lewis\Documents\Part III\COMP3215\COMP3215-Lab-1\Blinky_MCU\Blinky\Project_Generator_Blinky_Gen\source" -I"C:\Users\lewis\Documents\Part III\COMP3215\COMP3215-Lab-1\Blinky_MCU\Blinky\Project_Generator_Blinky_Gen" -I"C:\Users\lewis\Documents\Part III\COMP3215\COMP3215-Lab-1\Blinky_MCU\Blinky\Project_Generator_Blinky_Gen\board" -I"C:\Users\lewis\Documents\Part III\COMP3215\COMP3215-Lab-1\Blinky_MCU\Blinky\Project_Generator_Blinky_Gen\freertos" -I"C:\Users\lewis\Documents\Part III\COMP3215\COMP3215-Lab-1\Blinky_MCU\Blinky\Project_Generator_Blinky_Gen\drivers" -I"C:\Users\lewis\Documents\Part III\COMP3215\COMP3215-Lab-1\Blinky_MCU\Blinky\Project_Generator_Blinky_Gen\CMSIS" -I"C:\Users\lewis\Documents\Part III\COMP3215\COMP3215-Lab-1\Blinky_MCU\Blinky\Project_Generator_Blinky_Gen\CMSIS_dri 
ver" -I"C:\Users\lewis\Documents\Part III\COMP3215\COMP3215-Lab-1\Blinky_MCU\Blinky\Project_Generator_Blinky_Gen\startup" -I"C:\Users\lewis\Documents\Part III\COMP3215\COMP3215-Lab-1\Blinky_MCU\Blinky\Project_Generator_Blinky_Gen\utilities" -O0 -fno-common -g3 -Wall -c -fmessage-length=0 -fno-builtin -ffunction-sections -fdata-sections -mcpu=cortex-m0plus -mthumb -D__REDLIB__ -specs=redlib.specs -MMD -MP -MF"freertos/timers.d" -MT"freertos/timers.o" -MT"freertos/timers.d" -o "freertos/timers.o" "../freertos/timers.c"
Invoking: MCU C Compiler
arm-none-eabi-gcc -DCR_INTEGER_PRINTF -DSDK_DEBUGCONSOLE=0 -D__MCUXPRESSO -D__USE_CMSIS -DDEBUG -DFSL_RTOS_FREE_RTOS -DSDK_OS_FREE_RTOS -DSDK_CORE_ID_CORE0 -DCPU_MKW41Z512VHT4 -DCPU_MKW41Z512VHT4_cm0plus -D__REDLIB__ -I"C:\Users\lewis\Documents\Part III\COMP3215\COMP3215-Lab-1\Blinky_MCU\Blinky\Project_Generator_Blinky_Gen\source" -I"C:\Users\lewis\Documents\Part III\COMP3215\COMP3215-Lab-1\Blinky_MCU\Blinky\Project_Generator_Blinky_Gen" -I"C:\Users\lewis\Documents\Part III\COMP3215\COMP3215-Lab-1\Blinky_MCU\Blinky\Project_Generator_Blinky_Gen\board" -I"C:\Users\lewis\Documents\Part III\COMP3215\COMP3215-Lab-1\Blinky_MCU\Blinky\Project_Generator_Blinky_Gen\freertos" -I"C:\Users\lewis\Documents\Part III\COMP3215\COMP3215-Lab-1\Blinky_MCU\Blinky\Project_Generator_Blinky_Gen\drivers" -I"C:\Users\lewis\Documents\Part III\COMP3215\COMP3215-Lab-1\Blinky_MCU\Blinky\Project_Generator_Blinky_Gen\CMSIS" -I"C:\Users\lewis\Documents\Part III\COMP3215\COMP3215-Lab-1\Blinky_MCU\Blinky\Project_Generator_Blinky_Gen\CMSIS_driver" -I"C:\Users\lewis\Documents\Part III\COMP3215\COMP3215-Lab-1\Blinky_MCU\Blinky\Project_Generator_Blinky_Gen\startup" -I"C:\Users\lewis\Documents\Part III\COMP3215\COMP3215-Lab-1\Blinky_MCU\Blinky\Project_Generator_Blinky_Gen\utilities" -O0 -fno-common -g3 -Wall -c -fmessage-length=0 -fno-builtin -ffunction-sections -fdata-sections -mcpu=cortex-m0plus -mthumb -D__REDLIB__ -specs=redlib.specs -MMD -MP -MF"drivers/fsl_clock.d" -MT"drivers/fsl_clock.o" -MT"drivers/fsl_clock.d" -o "drivers/fsl_clock.o" "../drivers/fsl_clock.c"
Building file: ../drivers/fsl_common.c
Invoking: MCU C Compiler
arm-none-eabi-gcc -DCR_INTEGER_PRINTF -DSDK_DEBUGCONSOLE=0 -D__MCUXPRESSO -D__USE_CMSIS -DDEBUG -DFSL_RTOS_FREE_RTOS -DSDK_OS_FREE_RTOS -DSDK_CORE_ID_CORE0 -DCPU_MKW41Z512VHT4 -DCPU_MKW41Z512VHT4_cm0plus -D__REDLIB__ -I"C:\Users\lewis\Documents\Part III\COMP3215\COMP3215-Lab-1\Blinky_MCU\Blinky\Project_Generator_Blinky_Gen\source" -I"C:\Users\lewis\Documents\Part III\COMP3215\COMP3215-Lab-1\Blinky_MCU\Blinky\Project_Generator_Blinky_Gen" -I"C:\Users\lewis\Documents\Part III\COMP3215\COMP3215-Lab-1\Blinky_MCU\Blinky\Project_Generator_Blinky_Gen\board" -I"C:\Users\lewis\Documents\Part III\COMP3215\COMP3215-Lab-1\Blinky_MCU\Blinky\Project_Generator_Blinky_Gen\freertos" -I"C:\Users\lewis\Documents\Part III\COMP3215\COMP3215-Lab-1\Blinky_MCU\Blinky\Project_Generator_Blinky_Gen\drivers" -I"C:\Users\lewis\Documents\Part III\COMP3215\COMP3215-Lab-1\Blinky_MCU\Blinky\Project_Generator_Blinky_Gen\CMSIS" -I"C:\Users\lewis\Documents\Part III\COMP3215\COMP3215-Lab-1\Blinky_MCU\Blinky\Project_Generator_Blinky_Gen\CMSIS_driver" -I"C:\Users\lewis\Documents\Part III\COMP3215\COMP3215-Lab-1\Blinky_MCU\Blinky\Project_Generator_Blinky_Gen\startup" -I"C:\Users\lewis\Documents\Part III\COMP3215\COMP3215-Lab-1\Blinky_MCU\Blinky\Project_Generator_Blinky_Gen\utilities" -O0 -fno-common -g3 -Wall -c -fmessage-length=0 -fno-builtin -ffunction-sections -fdata-sections -mcpu=cortex-m0plus -mthumb -D__REDLIB__ -specs=redlib.specs -MMD -MP -MF"drivers/fsl_common.d" -MT"drivers/fsl_common.o" -MT"drivers/fsl_common.d" -o "drivers/fsl_common.o" "../drivers/fsl_common.c"
Finished building: ../freertos/heap_4.c
Finished building: ../freertos/port.c
 
 
Building file: ../drivers/fsl_gpio.c
Building file: ../drivers/fsl_lpuart.c
Invoking: MCU C Compiler
Invoking: MCU C Compiler
arm-none-eabi-gcc -DCR_INTEGER_PRINTF -DSDK_DEBUGCONSOLE=0 -D__MCUXPRESSO -D__USE_CMSIS -DDEBUG -DFSL_RTOS_FREE_RTOS -DSDK_OS_FREE_RTOS -DSDK_CORE_ID_CORE0 -DCPU_MKW41Z512VHT4 -DCPU_MKW41Z512VHT4_cm0plus -D__REDLIB__ -I"C:\Users\lewis\Documents\Part III\COMP3215\COMP3215-Lab-1\Blinky_MCU\Blinky\Project_Generator_Blinky_Gen\source" -I"C:\Users\lewis\Documents\Part III\COMP3215\COMP3215-Lab-1\Blinky_MCU\Blinky\Project_Generator_Blinky_Gen" -I"C:\Users\lewis\Documents\Part III\COMP3215\COMP3215-Lab-1\Blinky_MCU\Blinky\Project_Generator_Blinky_Gen\board" -I"C:\Users\lewis\Documents\Part III\COMP3215\COMP3215-Lab-1\Blinky_MCU\Blinky\Project_Generator_Blinky_Gen\freertos" -I"C:\Users\lewis\Documents\Part III\COMP3215\COMP3215-Lab-1\Blinky_MCU\Blinky\Project_Generator_Blinky_Gen\drivers" -I"C:\Users\lewis\Documents\Part III\COMP3215\COMP3215-Lab-1\Blinky_MCU\Blinky\Project_Generator_Blinky_Gen\CMSIS" -I"C:\Users\lewis\Documents\Part III\COMP3215\COMP3215-Lab-1\Blinky_MCU\Blinky\Project_Generator_Blinky_Gen\CMSIS_driver" -I"C:\Users\lewis\Documents\Part III\COMP3215\COMP3215-Lab-1\Blinky_MCU\Blinky\Project_Generator_Blinky_Gen\startup" -I"C:\Users\lewis\Documents\Part III\COMP3215\COMP3215-Lab-1\Blinky_MCU\Blinky\Project_Generator_Blinky_Gen\utilities" -O0 -fno-common -g3 -Wall -c -fmessage-length=0 -fno-builtin -ffunction-sections -fdata-sections -mcpu=cortex-m0plus -mthumb -D__REDLIB__ -specs=redlib.specs -MMD -MP -MF"drivers/fsl_gpio.d" -MT"drivers/fsl_gpio.o" -MT"drivers/fsl_gpio.d" -o "drivers/fsl_gpio.o" "../drivers/fsl_gpio.c"
arm-none-eabi-gcc -DCR_INTEGER_PRINTF -DSDK_DEBUGCONSOLE=0 -D__MCUXPRESSO -D__USE_CMSIS -DDEBUG -DFSL_RTOS_FREE_RTOS -DSDK_OS_FREE_RTOS -DSDK_CORE_ID_CORE0 -DCPU_MKW41Z512VHT4 -DCPU_MKW41Z512VHT4_cm0plus -D__REDLIB__ -I"C:\Users\lewis\Documents\Part III\COMP3215\COMP3215-Lab-1\Blinky_MCU\Blinky\Project_Generator_Blinky_Gen\source" -I"C:\Users\lewis\Documents\Part III\COMP3215\COMP3215-Lab-1\Blinky_MCU\Blinky\Project_Generator_Blinky_Gen" -I"C:\Users\lewis\Documents\Part III\COMP3215\COMP3215-Lab-1\Blinky_MCU\Blinky\Project_Generator_Blinky_Gen\board" -I"C:\Users\lewis\Documents\Part III\COMP3215\COMP3215-Lab-1\Blinky_MCU\Blinky\Project_Generator_Blinky_Gen\freertos" -I"C:\Users\lewis\Documents\Part III\COMP3215\COMP3215-Lab-1\Blinky_MCU\Blinky\Project_Generator_Blinky_Gen\drivers" -I"C:\Users\lewis\Documents\Part III\COMP3215\COMP3215-Lab-1\Blinky_MCU\Blinky\Project_Generator_Blinky_Gen\CMSIS" -I"C:\Users\lewis\Documents\Part III\COMP3215\COMP3215-Lab-1\Blinky_MCU\Blinky\Project_Generator_Blinky_Gen\CMSIS_driver" -I"C:\Users\lewis\Documents\Part III\COMP3215\COMP3215-Lab-1\Blinky_MCU\Blinky\Project_Generator_Blinky_Gen\startup" -I"C:\Users\lewis\Documents\Part III\COMP3215\COMP3215-Lab-1\Blinky_MCU\Blinky\Project_Generator_Blinky_Gen\utilities" -O0 -fno-common -g3 -Wall -c -fmessage-length=0 -fno-builtin -ffunction-sections -fdata-sections -mcpu=cortex-m0plus -mthumb -D__REDLIB__ -specs=redlib.specs -MMD -MP -MF"drivers/fsl_lpuart.d" -MT"drivers/fsl_lpuart.o" -MT"drivers/fsl_lpuart.d" -o "drivers/fsl_lpuart.o" "../drivers/fsl_lpuart.c"
Finished building: ../freertos/list.c
 
Building file: ../drivers/fsl_lpuart_freertos.c
Invoking: MCU C Compiler
arm-none-eabi-gcc -DCR_INTEGER_PRINTF -DSDK_DEBUGCONSOLE=0 -D__MCUXPRESSO -D__USE_CMSIS -DDEBUG -DFSL_RTOS_FREE_RTOS -DSDK_OS_FREE_RTOS -DSDK_CORE_ID_CORE0 -DCPU_MKW41Z512VHT4 -DCPU_MKW41Z512VHT4_cm0plus -D__REDLIB__ -I"C:\Users\lewis\Documents\Part III\COMP3215\COMP3215-Lab-1\Blinky_MCU\Blinky\Project_Generator_Blinky_Gen\source" -I"C:\Users\lewis\Documents\Part III\COMP3215\COMP3215-Lab-1\Blinky_MCU\Blinky\Project_Generator_Blinky_Gen" -I"C:\Users\lewis\Documents\Part III\COMP3215\COMP3215-Lab-1\Blinky_MCU\Blinky\Project_Generator_Blinky_Gen\board" -I"C:\Users\lewis\Documents\Part III\COMP3215\COMP3215-Lab-1\Blinky_MCU\Blinky\Project_Generator_Blinky_Gen\freertos" -I"C:\Users\lewis\Documents\Part III\COMP3215\COMP3215-Lab-1\Blinky_MCU\Blinky\Project_Generator_Blinky_Gen\drivers" -I"C:\Users\lewis\Documents\Part III\COMP3215\COMP3215-Lab-1\Blinky_MCU\Blinky\Project_Generator_Blinky_Gen\CMSIS" -I"C:\Users\lewis\Documents\Part III\COMP3215\COMP3215-Lab-1\Blinky_MCU\Blinky\Project_Generator_Blinky_Gen\CMSIS_driver" -I"C:\Users\lewis\Documents\Part III\COMP3215\COMP3215-Lab-1\Blinky_MCU\Blinky\Project_Generator_Blinky_Gen\startup" -I"C:\Users\lewis\Documents\Part III\COMP3215\COMP3215-Lab-1\Blinky_MCU\Blinky\Project_Generator_Blinky_Gen\utilities" -O0 -fno-common -g3 -Wall -c -fmessage-length=0 -fno-builtin -ffunction-sections -fdata-sections -mcpu=cortex-m0plus -mthumb -D__REDLIB__ -specs=redlib.specs -MMD -MP -MF"drivers/fsl_lpuart_freertos.d" -MT"drivers/fsl_lpuart_freertos.o" -MT"drivers/fsl_lpuart_freertos.d" -o "drivers/fsl_lpuart_freertos.o" "../drivers/fsl_lpuart_freertos.c"
Finished building: ../freertos/timers.c
Finished building: ../freertos/tasks.c
 
 
Building file: ../board/board.c
Invoking: MCU C Compiler
Building file: ../board/clock_config.c
arm-none-eabi-gcc -DCR_INTEGER_PRINTF -DSDK_DEBUGCONSOLE=0 -D__MCUXPRESSO -D__USE_CMSIS -DDEBUG -DFSL_RTOS_FREE_RTOS -DSDK_OS_FREE_RTOS -DSDK_CORE_ID_CORE0 -DCPU_MKW41Z512VHT4 -DCPU_MKW41Z512VHT4_cm0plus -D__REDLIB__ -I"C:\Users\lewis\Documents\Part III\COMP3215\COMP3215-Lab-1\Blinky_MCU\Blinky\Project_Generator_Blinky_Gen\source" -I"C:\Users\lewis\Documents\Part III\COMP3215\COMP3215-Lab-1\Blinky_MCU\Blinky\Project_Generator_Blinky_Gen" -I"C:\Users\lewis\Documents\Part III\COMP3215\COMP3215-Lab-1\Blinky_MCU\Blinky\Project_Generator_Blinky_Gen\board" -I"C:\Users\lewis\Documents\Part III\COMP3215\COMP3215-Lab-1\Blinky_MCU\Blinky\Project_Generator_Blinky_Gen\freertos" -I"C:\Users\lewis\Documents\Part III\COMP3215\COMP3215-Lab-1\Blinky_MCU\Blinky\Project_Generator_Blinky_Gen\drivers" -I"C:\Users\lewis\Documents\Part III\COMP3215\COMP3215-Lab-1\Blinky_MCU\Blinky\Project_Generator_Blinky_Gen\CMSIS" -I"C:\Users\lewis\Documents\Part III\COMP3215\COMP3215-Lab-1\Blinky_MCU\Blinky\Project_Generator_Blinky_Gen\CMSIS_driver" -I"C:\Users\lewis\Documents\Part III\COMP3215\COMP3215-Lab-1\Blinky_MCU\Blinky\Project_Generator_Blinky_Gen\startup" -I"C:\Users\lewis\Documents\Part III\COMP3215\COMP3215-Lab-1\Blinky_MCU\Blinky\Project_Generator_Blinky_Gen\utilities" -O0 -fno-common -g3 -Wall -c -fmessage-length=0 -fno-builtin -ffunction-sections -fdata-sections -mcpu=cortex-m0plus -mthumb -D__REDLIB__ -specs=redlib.specs -MMD -MP -MF"board/board.d" -MT"board/board.o" -MT"board/board.d" -o "board/board.o" "../board/board.c"
Invoking: MCU C Compiler
arm-none-eabi-gcc -DCR_INTEGER_PRINTF -DSDK_DEBUGCONSOLE=0 -D__MCUXPRESSO -D__USE_CMSIS -DDEBUG -DFSL_RTOS_FREE_RTOS -DSDK_OS_FREE_RTOS -DSDK_CORE_ID_CORE0 -DCPU_MKW41Z512VHT4 -DCPU_MKW41Z512VHT4_cm0plus -D__REDLIB__ -I"C:\Users\lewis\Documents\Part III\COMP3215\COMP3215-Lab-1\Blinky_MCU\Blinky\Project_Generator_Blinky_Gen\source" -I"C:\Users\lewis\Documents\Part III\COMP3215\COMP3215-Lab-1\Blinky_MCU\Blinky\Project_Generator_Blinky_Gen" -I"C:\Users\lewis\Documents\Part III\COMP3215\COMP3215-Lab-1\Blinky_MCU\Blinky\Project_Generator_Blinky_Gen\board" -I"C:\Users\lewis\Documents\Part III\COMP3215\COMP3215-Lab-1\Blinky_MCU\Blinky\Project_Generator_Blinky_Gen\freertos" -I"C:\Users\lewis\Documents\Part III\COMP3215\COMP3215-Lab-1\Blinky_MCU\Blinky\Project_Generator_Blinky_Gen\drivers" -I"C:\Users\lewis\Documents\Part III\COMP3215\COMP3215-Lab-1\Blinky_MCU\Blinky\Project_Generator_Blinky_Gen\CMSIS" -I"C:\Users\lewis\Documents\Part III\COMP3215\COMP3215-Lab-1\Blinky_MCU\Blinky\Project_Generator_Blinky_Gen\CMSIS_driver" -I"C:\Users\lewis\Documents\Part III\COMP3215\COMP3215-Lab-1\Blinky_MCU\Blinky\Project_Generator_Blinky_Gen\startup" -I"C:\Users\lewis\Documents\Part III\COMP3215\COMP3215-Lab-1\Blinky_MCU\Blinky\Project_Generator_Blinky_Gen\utilities" -O0 -fno-common -g3 -Wall -c -fmessage-length=0 -fno-builtin -ffunction-sections -fdata-sections -mcpu=cortex-m0plus -mthumb -D__REDLIB__ -specs=redlib.specs -MMD -MP -MF"board/clock_config.d" -MT"board/clock_config.o" -MT"board/clock_config.d" -o "board/clock_config.o" "../board/clock_config.c"
Finished building: ../freertos/queue.c
 
Building file: ../board/pin_mux.c
Invoking: MCU C Compiler
arm-none-eabi-gcc -DCR_INTEGER_PRINTF -DSDK_DEBUGCONSOLE=0 -D__MCUXPRESSO -D__USE_CMSIS -DDEBUG -DFSL_RTOS_FREE_RTOS -DSDK_OS_FREE_RTOS -DSDK_CORE_ID_CORE0 -DCPU_MKW41Z512VHT4 -DCPU_MKW41Z512VHT4_cm0plus -D__REDLIB__ -I"C:\Users\lewis\Documents\Part III\COMP3215\COMP3215-Lab-1\Blinky_MCU\Blinky\Project_Generator_Blinky_Gen\source" -I"C:\Users\lewis\Documents\Part III\COMP3215\COMP3215-Lab-1\Blinky_MCU\Blinky\Project_Generator_Blinky_Gen" -I"C:\Users\lewis\Documents\Part III\COMP3215\COMP3215-Lab-1\Blinky_MCU\Blinky\Project_Generator_Blinky_Gen\board" -I"C:\Users\lewis\Documents\Part III\COMP3215\COMP3215-Lab-1\Blinky_MCU\Blinky\Project_Generator_Blinky_Gen\freertos" -I"C:\Users\lewis\Documents\Part III\COMP3215\COMP3215-Lab-1\Blinky_MCU\Blinky\Project_Generator_Blinky_Gen\drivers" -I"C:\Users\lewis\Documents\Part III\COMP3215\COMP3215-Lab-1\Blinky_MCU\Blinky\Project_Generator_Blinky_Gen\CMSIS" -I"C:\Users\lewis\Documents\Part III\COMP3215\COMP3215-Lab-1\Blinky_MCU\Blinky\Project_Generator_Blinky_Gen\CMSIS_driver" -I"C:\Users\lewis\Documents\Part III\COMP3215\COMP3215-Lab-1\Blinky_MCU\Blinky\Project_Generator_Blinky_Gen\startup" -I"C:\Users\lewis\Documents\Part III\COMP3215\COMP3215-Lab-1\Blinky_MCU\Blinky\Project_Generator_Blinky_Gen\utilities" -O0 -fno-common -g3 -Wall -c -fmessage-length=0 -fno-builtin -ffunction-sections -fdata-sections -mcpu=cortex-m0plus -mthumb -D__REDLIB__ -specs=redlib.specs -MMD -MP -MF"board/pin_mux.d" -MT"board/pin_mux.o" -MT"board/pin_mux.d" -o "board/pin_mux.o" "../board/pin_mux.c"
Finished building: ../drivers/fsl_gpio.c
Finished building: ../board/board.c
 
 
Finished building: ../drivers/fsl_common.c
 
Building file: ../CMSIS/system_MKW41Z4.c
Finished building: ../drivers/fsl_lpuart_freertos.c
Finished building: ../drivers/fsl_lpuart.c
Invoking: MCU C Compiler
 
arm-none-eabi-gcc -DCR_INTEGER_PRINTF -DSDK_DEBUGCONSOLE=0 -D__MCUXPRESSO -D__USE_CMSIS -DDEBUG -DFSL_RTOS_FREE_RTOS -DSDK_OS_FREE_RTOS -DSDK_CORE_ID_CORE0 -DCPU_MKW41Z512VHT4 -DCPU_MKW41Z512VHT4_cm0plus -D__REDLIB__ -I"C:\Users\lewis\Documents\Part III\COMP3215\COMP3215-Lab-1\Blinky_MCU\Blinky\Project_Generator_Blinky_Gen\source" -I"C:\Users\lewis\Documents\Part III\COMP3215\COMP3215-Lab-1\Blinky_MCU\Blinky\Project_Generator_Blinky_Gen" -I"C:\Users\lewis\Documents\Part III\COMP3215\COMP3215-Lab-1\Blinky_MCU\Blinky\Project_Generator_Blinky_Gen\board" -I"C:\Users\lewis\Documents\Part III\COMP3215\COMP3215-Lab-1\Blinky_MCU\Blinky\Project_Generator_Blinky_Gen\freertos" -I"C:\Users\lewis\Documents\Part III\COMP3215\COMP3215-Lab-1\Blinky_MCU\Blinky\Project_Generator_Blinky_Gen\drivers" -I"C:\Users\lewis\Documents\Part III\COMP3215\COMP3215-Lab-1\Blinky_MCU\Blinky\Project_Generator_Blinky_Gen\CMSIS" -I"C:\Users\lewis\Documents\Part III\COMP3215\COMP3215-Lab-1\Blinky_MCU\Blinky\Project_Generator_Blinky_Gen\CMSIS_driver" -I"C:\Users\lewis\Documents\Part III\COMP3215\COMP3215-Lab-1\Blinky_MCU\Blinky\Project_Generator_Blinky_Gen\startup" -I"C:\Users\lewis\Documents\Part III\COMP3215\COMP3215-Lab-1\Blinky_MCU\Blinky\Project_Generator_Blinky_Gen\utilities" -O0 -fno-common -g3 -Wall -c -fmessage-length=0 -fno-builtin -ffunction-sections -fdata-sections -mcpu=cortex-m0plus -mthumb -D__REDLIB__ -specs=redlib.specs -MMD -MP -MF"CMSIS/system_MKW41Z4.d" -MT"CMSIS/system_MKW41Z4.o" -MT"CMSIS/system_MKW41Z4.d" -o "CMSIS/system_MKW41Z4.o" "../CMSIS/system_MKW41Z4.c"
 
Finished building: ../board/clock_config.c
 
Finished building: ../drivers/fsl_clock.c
 
Finished building: ../board/pin_mux.c
 
Finished building: ../CMSIS/system_MKW41Z4.c
 
Building target: BlinkyProject_Generator_Blinky_Gen.axf
Invoking: MCU Linker
arm-none-eabi-gcc -nostdlib -Xlinker -Map="BlinkyProject_Generator_Blinky_Gen.map" -Xlinker --gc-sections -Xlinker -print-memory-usage -mcpu=cortex-m0plus -mthumb -T BlinkyProject_Generator_Blinky_Gen_Debug.ld -o "BlinkyProject_Generator_Blinky_Gen.axf"  ./utilities/fsl_debug_console.o  ./startup/startup_mkw41z4.o  ./source/main.o ./source/mtb.o  ./freertos/croutine.o ./freertos/event_groups.o ./freertos/fsl_tickless_lptmr.o ./freertos/fsl_tickless_systick.o ./freertos/heap_4.o ./freertos/list.o ./freertos/port.o ./freertos/queue.o ./freertos/tasks.o ./freertos/timers.o  ./drivers/fsl_clock.o ./drivers/fsl_common.o ./drivers/fsl_gpio.o ./drivers/fsl_lpuart.o ./drivers/fsl_lpuart_freertos.o  ./board/board.o ./board/clock_config.o ./board/pin_mux.o  ./CMSIS/system_MKW41Z4.o   
Memory region         Used Size  Region Size  %age Used
   PROGRAM_FLASH:       12696 B       512 KB      2.42%
            SRAM:       19168 B       128 KB     14.62%
Finished building target: BlinkyProject_Generator_Blinky_Gen.axf
 
make --no-print-directory post-build
Performing post-build steps
arm-none-eabi-size "BlinkyProject_Generator_Blinky_Gen.axf"; # arm-none-eabi-objcopy -v -O binary "BlinkyProject_Generator_Blinky_Gen.axf" "BlinkyProject_Generator_Blinky_Gen.bin" ; # checksum -p MKW41Z512xxx4 -d "BlinkyProject_Generator_Blinky_Gen.bin";
   text	   data	    bss	    dec	    hex	filename
  12688	      8	  19160	  31856	   7c70	BlinkyProject_Generator_Blinky_Gen.axf
 
16:08:37 **** Incremental Build of configuration Debug for project BlinkyProject_Generator_Blinky_Gen ****
make -r -j8 all 
Building file: ../source/main.c
Invoking: MCU C Compiler
arm-none-eabi-gcc -DCR_INTEGER_PRINTF -DSDK_DEBUGCONSOLE=0 -D__MCUXPRESSO -D__USE_CMSIS -DDEBUG -DFSL_RTOS_FREE_RTOS -DSDK_OS_FREE_RTOS -DSDK_CORE_ID_CORE0 -DCPU_MKW41Z512VHT4 -DCPU_MKW41Z512VHT4_cm0plus -D__REDLIB__ -I"C:\Users\lewis\Documents\Part III\COMP3215\COMP3215-Lab-1\Blinky_MCU\Blinky\Project_Generator_Blinky_Gen\source" -I"C:\Users\lewis\Documents\Part III\COMP3215\COMP3215-Lab-1\Blinky_MCU\Blinky\Project_Generator_Blinky_Gen" -I"C:\Users\lewis\Documents\Part III\COMP3215\COMP3215-Lab-1\Blinky_MCU\Blinky\Project_Generator_Blinky_Gen\board" -I"C:\Users\lewis\Documents\Part III\COMP3215\COMP3215-Lab-1\Blinky_MCU\Blinky\Project_Generator_Blinky_Gen\freertos" -I"C:\Users\lewis\Documents\Part III\COMP3215\COMP3215-Lab-1\Blinky_MCU\Blinky\Project_Generator_Blinky_Gen\drivers" -I"C:\Users\lewis\Documents\Part III\COMP3215\COMP3215-Lab-1\Blinky_MCU\Blinky\Project_Generator_Blinky_Gen\CMSIS" -I"C:\Users\lewis\Documents\Part III\COMP3215\COMP3215-Lab-1\Blinky_MCU\Blinky\Project_Generator_Blinky_Gen\CMSIS_driver" -I"C:\Users\lewis\Documents\Part III\COMP3215\COMP3215-Lab-1\Blinky_MCU\Blinky\Project_Generator_Blinky_Gen\startup" -I"C:\Users\lewis\Documents\Part III\COMP3215\COMP3215-Lab-1\Blinky_MCU\Blinky\Project_Generator_Blinky_Gen\utilities" -O0 -fno-common -g3 -Wall -c -fmessage-length=0 -fno-builtin -ffunction-sections -fdata-sections -mcpu=cortex-m0plus -mthumb -D__REDLIB__ -specs=redlib.specs -MMD -MP -MF"source/main.d" -MT"source/main.o" -MT"source/main.d" -o "source/main.o" "../source/main.c"
Finished building: ../source/main.c
 
Building target: BlinkyProject_Generator_Blinky_Gen.axf
Invoking: MCU Linker
arm-none-eabi-gcc -nostdlib -Xlinker -Map="BlinkyProject_Generator_Blinky_Gen.map" -Xlinker --gc-sections -Xlinker -print-memory-usage -mcpu=cortex-m0plus -mthumb -T BlinkyProject_Generator_Blinky_Gen_Debug.ld -o "BlinkyProject_Generator_Blinky_Gen.axf"  ./utilities/fsl_debug_console.o  ./startup/startup_mkw41z4.o  ./source/main.o ./source/mtb.o  ./freertos/croutine.o ./freertos/event_groups.o ./freertos/fsl_tickless_lptmr.o ./freertos/fsl_tickless_systick.o ./freertos/heap_4.o ./freertos/list.o ./freertos/port.o ./freertos/queue.o ./freertos/tasks.o ./freertos/timers.o  ./drivers/fsl_clock.o ./drivers/fsl_common.o ./drivers/fsl_gpio.o ./drivers/fsl_lpuart.o ./drivers/fsl_lpuart_freertos.o  ./board/board.o ./board/clock_config.o ./board/pin_mux.o  ./CMSIS/system_MKW41Z4.o   
Memory region         Used Size  Region Size  %age Used
   PROGRAM_FLASH:       14416 B       512 KB      2.75%
            SRAM:       19208 B       128 KB     14.65%
Finished building target: BlinkyProject_Generator_Blinky_Gen.axf
 
make --no-print-directory post-build
Performing post-build steps
arm-none-eabi-size "BlinkyProject_Generator_Blinky_Gen.axf"; # arm-none-eabi-objcopy -v -O binary "BlinkyProject_Generator_Blinky_Gen.axf" "BlinkyProject_Generator_Blinky_Gen.bin" ; # checksum -p MKW41Z512xxx4 -d "BlinkyProject_Generator_Blinky_Gen.bin";
   text	   data	    bss	    dec	    hex	filename
  14376	     40	  19168	  33584	   8330	BlinkyProject_Generator_Blinky_Gen.axf
 
16:09:32 **** Incremental Build of configuration Debug for project BlinkyProject_Generator_Blinky_Gen ****
make -r -j8 all 
Building file: ../source/main.c
Invoking: MCU C Compiler
arm-none-eabi-gcc -DCR_INTEGER_PRINTF -DSDK_DEBUGCONSOLE=0 -D__MCUXPRESSO -D__USE_CMSIS -DDEBUG -DFSL_RTOS_FREE_RTOS -DSDK_OS_FREE_RTOS -DSDK_CORE_ID_CORE0 -DCPU_MKW41Z512VHT4 -DCPU_MKW41Z512VHT4_cm0plus -D__REDLIB__ -I"C:\Users\lewis\Documents\Part III\COMP3215\COMP3215-Lab-1\Blinky_MCU\Blinky\Project_Generator_Blinky_Gen\source" -I"C:\Users\lewis\Documents\Part III\COMP3215\COMP3215-Lab-1\Blinky_MCU\Blinky\Project_Generator_Blinky_Gen" -I"C:\Users\lewis\Documents\Part III\COMP3215\COMP3215-Lab-1\Blinky_MCU\Blinky\Project_Generator_Blinky_Gen\board" -I"C:\Users\lewis\Documents\Part III\COMP3215\COMP3215-Lab-1\Blinky_MCU\Blinky\Project_Generator_Blinky_Gen\freertos" -I"C:\Users\lewis\Documents\Part III\COMP3215\COMP3215-Lab-1\Blinky_MCU\Blinky\Project_Generator_Blinky_Gen\drivers" -I"C:\Users\lewis\Documents\Part III\COMP3215\COMP3215-Lab-1\Blinky_MCU\Blinky\Project_Generator_Blinky_Gen\CMSIS" -I"C:\Users\lewis\Documents\Part III\COMP3215\COMP3215-Lab-1\Blinky_MCU\Blinky\Project_Generator_Blinky_Gen\CMSIS_driver" -I"C:\Users\lewis\Documents\Part III\COMP3215\COMP3215-Lab-1\Blinky_MCU\Blinky\Project_Generator_Blinky_Gen\startup" -I"C:\Users\lewis\Documents\Part III\COMP3215\COMP3215-Lab-1\Blinky_MCU\Blinky\Project_Generator_Blinky_Gen\utilities" -O0 -fno-common -g3 -Wall -c -fmessage-length=0 -fno-builtin -ffunction-sections -fdata-sections -mcpu=cortex-m0plus -mthumb -D__REDLIB__ -specs=redlib.specs -MMD -MP -MF"source/main.d" -MT"source/main.o" -MT"source/main.d" -o "source/main.o" "../source/main.c"
Finished building: ../source/main.c
 
Building target: BlinkyProject_Generator_Blinky_Gen.axf
Invoking: MCU Linker
arm-none-eabi-gcc -nostdlib -Xlinker -Map="BlinkyProject_Generator_Blinky_Gen.map" -Xlinker --gc-sections -Xlinker -print-memory-usage -mcpu=cortex-m0plus -mthumb -T BlinkyProject_Generator_Blinky_Gen_Debug.ld -o "BlinkyProject_Generator_Blinky_Gen.axf"  ./utilities/fsl_debug_console.o  ./startup/startup_mkw41z4.o  ./source/main.o ./source/mtb.o  ./freertos/croutine.o ./freertos/event_groups.o ./freertos/fsl_tickless_lptmr.o ./freertos/fsl_tickless_systick.o ./freertos/heap_4.o ./freertos/list.o ./freertos/port.o ./freertos/queue.o ./freertos/tasks.o ./freertos/timers.o  ./drivers/fsl_clock.o ./drivers/fsl_common.o ./drivers/fsl_gpio.o ./drivers/fsl_lpuart.o ./drivers/fsl_lpuart_freertos.o  ./board/board.o ./board/clock_config.o ./board/pin_mux.o  ./CMSIS/system_MKW41Z4.o   
Memory region         Used Size  Region Size  %age Used
   PROGRAM_FLASH:       14416 B       512 KB      2.75%
            SRAM:       19208 B       128 KB     14.65%
Finished building target: BlinkyProject_Generator_Blinky_Gen.axf
 
make --no-print-directory post-build
Performing post-build steps
arm-none-eabi-size "BlinkyProject_Generator_Blinky_Gen.axf"; # arm-none-eabi-objcopy -v -O binary "BlinkyProject_Generator_Blinky_Gen.axf" "BlinkyProject_Generator_Blinky_Gen.bin" ; # checksum -p MKW41Z512xxx4 -d "BlinkyProject_Generator_Blinky_Gen.bin";
   text	   data	    bss	    dec	    hex	filename
  14376	     40	  19168	  33584	   8330	BlinkyProject_Generator_Blinky_Gen.axf
 
16:09:41 **** Incremental Build of configuration Debug for project BlinkyProject_Generator_Blinky_Gen ****
make -r -j8 all 
make: Nothing to be done for `all'.
16:10:08 **** Incremental Build of configuration Debug for project BlinkyProject_Generator_Blinky_Gen ****
make -r -j8 all 
make: Nothing to be done for `all'.
16:10:09 **** Incremental Build of configuration Debug for project BlinkyProject_Generator_Blinky_Gen ****
make -r -j8 all 
make: Nothing to be done for `all'.
